// Jest Snapshot v1, https://goo.gl/fbAQLP

exports[`Test in <RevistDetail /> screen should to match snapshot 1`] = `
[
  <RCTScrollView
    contentContainerStyle={
      {
        "alignItems": "center",
        "flexGrow": 1,
        "padding": 24,
        "paddingBottom": 100,
      }
    }
    overScrollMode="never"
    style={
      {
        "flex": 1,
      }
    }
  >
    <View>
      <View
        style={
          [
            {
              "alignItems": "flex-start",
              "marginBottom": 40,
              "width": "100%",
            },
            {
              "paddingBottom": 0,
              "paddingTop": 8,
            },
          ]
        }
      >
        <Text
          style={
            [
              {
                "color": "#FFFFFF",
                "fontSize": 38,
                "fontWeight": "bold",
              },
              {
                "fontSize": 24,
              },
            ]
          }
          testID="title-text"
        >
          DARIANA HAND
        </Text>
      </View>
      <View
        style={
          {
            "marginBottom": 32,
            "width": "100%",
          }
        }
      >
        <View
          style={
            {
              "flexDirection": "row",
            }
          }
        >
          <Text
            style={
              {
                "color": "#FFFFFF",
                "fontSize": 19,
                "fontWeight": "bold",
                "marginBottom": 0,
              }
            }
          >
            Próxima visita:
          </Text>
          <Text
            style={
              {
                "color": "#FFFFFF",
                "fontSize": 19,
              }
            }
            testID="revisit-detail-next-visit"
          >
             09 de December del 2021
          </Text>
        </View>
        <View
          accessibilityState={
            {
              "busy": undefined,
              "checked": undefined,
              "disabled": undefined,
              "expanded": undefined,
              "selected": undefined,
            }
          }
          accessibilityValue={
            {
              "max": undefined,
              "min": undefined,
              "now": undefined,
              "text": undefined,
            }
          }
          accessible={true}
          collapsable={false}
          focusable={true}
          onClick={[Function]}
          onResponderGrant={[Function]}
          onResponderMove={[Function]}
          onResponderRelease={[Function]}
          onResponderTerminate={[Function]}
          onResponderTerminationRequest={[Function]}
          onStartShouldSetResponder={[Function]}
          style={
            {
              "opacity": 1,
            }
          }
        >
          <Text
            style={
              {
                "color": "#A0B9E2",
                "fontSize": 19,
              }
            }
          >
            ¿Ya la visitaste?
          </Text>
        </View>
      </View>
      <View
        style={
          {
            "marginBottom": 32,
            "width": "100%",
          }
        }
        testID="revisit-detail-about-section"
      >
        <Text
          style={
            {
              "color": "#FFFFFF",
              "fontSize": 19,
              "fontWeight": "bold",
              "marginBottom": 16,
            }
          }
        >
          Información de 
          Dariana Hand
          :
        </Text>
        <Text
          style={
            {
              "color": "#FFFFFF",
              "fontSize": 19,
            }
          }
        >
          Ratione quae debitis pariatur tempora magnam est voluptatibus. Eveniet ipsum omnis maxime et soluta iusto. Autem aut ducimus dolore et recusandae et inventore. Enim autem in hic optio.
        </Text>
      </View>
      <View
        style={
          {
            "marginBottom": 32,
            "width": "100%",
          }
        }
        testID="revisit-detail-address-section"
      >
        <Text
          style={
            {
              "color": "#FFFFFF",
              "fontSize": 19,
              "fontWeight": "bold",
              "marginBottom": 16,
            }
          }
        >
          Dirección:
        </Text>
        <Text
          style={
            {
              "color": "#FFFFFF",
              "fontSize": 19,
            }
          }
        >
          Voluptatem ratione velit officia qui non ab aut atque. Voluptate possimus dolor ex commodi aut numquam voluptatem sit. Molestiae ut tempora unde sapiente. Soluta culpa repellat et voluptatibus odit eveniet dolore harum.
        </Text>
      </View>
      <Text
        style={
          {
            "bottom": 24,
            "color": "#B4B4B4",
            "fontSize": 16,
            "position": "absolute",
            "right": 24,
          }
        }
        testID="revisit-detail-created-date"
      >
        09/12/2021
      </Text>
    </View>
  </RCTScrollView>,
  <Modal
    animationType="fade"
    hardwareAccelerated={false}
    statusBarTranslucent={true}
    transparent={true}
    visible={false}
  />,
]
`;
