// Jest Snapshot v1, https://goo.gl/fbAQLP

exports[`Test in util error-messages should match snapshot authErrorMessages 1`] = `
{
  "A user with this email address has already been registered": "Ya existe un usuario con este correo electrónico.",
  "Auth session missing!": "Para realizar está acción debes iniciar sesión.",
  "For security purposes, you can only request this once every 60 seconds": "Para evitar problemas de seguridad, solo puede realizar esta solicitud una vez cada 60 segundos.",
  "Invalid Refresh Token": "Su tiempo de sesión ha expirado.",
  "Invalid Refresh Token: Refresh Token Not Found": "Su tiempo de sesión ha expirado.",
  "Invalid login credentials": "Las credenciales no son válidas.",
  "Password recovery requires an email": "La recuperación de contraseña requiere un correo electrónico.",
  "Password should be at least 6 characters": "La contraseña debe tener al menos 6 caracteres.",
  "Unable to validate email address: invalid format": "El formato del correo electrónico no es válido.",
}
`;

exports[`Test in util error-messages should match snapshot commonErrorMessages 1`] = `
{
  "FetchError: Network request failed": "Lo sentimos pero no dispones de conexión a internet.",
  "Network request failed": "Lo sentimos pero no dispones de conexión a internet.",
}
`;
