// Jest Snapshot v1, https://goo.gl/fbAQLP

exports[`Test in <PreachingTable /> component should to match snapshot 1`] = `
<View
  style={
    {
      "alignItems": "center",
      "borderColor": "#000000",
      "borderWidth": 1,
    }
  }
  testID="preaching-table"
>
  <View
    style={
      {
        "alignItems": "center",
        "flexDirection": "row",
        "width": "100%",
      }
    }
  >
    <View
      style={
        [
          {
            "backgroundColor": "#3C3547",
            "borderColor": "#000000",
            "borderWidth": 1,
            "height": 60,
            "justifyContent": "center",
          },
          {
            "width": 121,
          },
        ]
      }
    >
      <Text
        style={
          {
            "color": "#FFFFFF",
            "fontSize": 16,
            "marginLeft": 10,
          }
        }
        testID="table-cell-text"
      >
        N°
      </Text>
    </View>
    <View
      style={
        [
          {
            "backgroundColor": "#3C3547",
            "borderColor": "#000000",
            "borderWidth": 1,
            "height": 60,
            "justifyContent": "center",
          },
          {
            "width": 121,
          },
        ]
      }
    >
      <Text
        style={
          {
            "color": "#FFFFFF",
            "fontSize": 16,
            "marginLeft": 10,
          }
        }
        testID="table-cell-text"
      >
        Día
      </Text>
    </View>
    <View
      style={
        [
          {
            "backgroundColor": "#3C3547",
            "borderColor": "#000000",
            "borderWidth": 1,
            "height": 60,
            "justifyContent": "center",
          },
          {
            "width": 242,
          },
        ]
      }
    >
      <Text
        style={
          {
            "color": "#FFFFFF",
            "fontSize": 16,
            "marginLeft": 10,
          }
        }
        testID="table-cell-text"
      >
        Hora de Inicio
      </Text>
    </View>
    <View
      style={
        [
          {
            "backgroundColor": "#3C3547",
            "borderColor": "#000000",
            "borderWidth": 1,
            "height": 60,
            "justifyContent": "center",
          },
          {
            "width": 242,
          },
        ]
      }
    >
      <Text
        style={
          {
            "color": "#FFFFFF",
            "fontSize": 16,
            "marginLeft": 10,
          }
        }
        testID="table-cell-text"
      >
        Hora de Fin
      </Text>
    </View>
  </View>
  <View
    accessibilityValue={
      {
        "max": undefined,
        "min": undefined,
        "now": undefined,
        "text": undefined,
      }
    }
    accessible={true}
    focusable={true}
    onClick={[Function]}
    onResponderGrant={[Function]}
    onResponderMove={[Function]}
    onResponderRelease={[Function]}
    onResponderTerminate={[Function]}
    onResponderTerminationRequest={[Function]}
    onStartShouldSetResponder={[Function]}
    testID="preaching-table-row"
  >
    <View
      style={
        {
          "alignItems": "center",
          "flexDirection": "row",
          "width": "100%",
        }
      }
    >
      <View
        style={
          [
            {
              "backgroundColor": "#3C3547",
              "borderColor": "#000000",
              "borderWidth": 1,
              "height": 60,
              "justifyContent": "center",
            },
            {
              "backgroundColor": "#746C84",
              "width": 121,
            },
          ]
        }
      >
        <Text
          style={
            {
              "color": "#FFFFFF",
              "fontSize": 16,
              "marginLeft": 10,
            }
          }
          testID="table-cell-text"
        >
          1
        </Text>
      </View>
      <View
        style={
          [
            {
              "backgroundColor": "#3C3547",
              "borderColor": "#000000",
              "borderWidth": 1,
              "height": 60,
              "justifyContent": "center",
            },
            {
              "backgroundColor": "#746C84",
              "width": 121,
            },
          ]
        }
      >
        <Text
          style={
            {
              "color": "#FFFFFF",
              "fontSize": 16,
              "marginLeft": 10,
            }
          }
          testID="table-cell-text"
        >
          12
        </Text>
      </View>
      <View
        style={
          [
            {
              "backgroundColor": "#3C3547",
              "borderColor": "#000000",
              "borderWidth": 1,
              "height": 60,
              "justifyContent": "center",
            },
            {
              "backgroundColor": "#746C84",
              "width": 242,
            },
          ]
        }
      >
        <Text
          style={
            {
              "color": "#FFFFFF",
              "fontSize": 16,
              "marginLeft": 10,
            }
          }
          testID="table-cell-text"
        >
          13:00
        </Text>
      </View>
      <View
        style={
          [
            {
              "backgroundColor": "#3C3547",
              "borderColor": "#000000",
              "borderWidth": 1,
              "height": 60,
              "justifyContent": "center",
            },
            {
              "backgroundColor": "#746C84",
              "width": 242,
            },
          ]
        }
      >
        <Text
          style={
            {
              "color": "#FFFFFF",
              "fontSize": 16,
              "marginLeft": 10,
            }
          }
          testID="table-cell-text"
        >
          16:00
        </Text>
      </View>
    </View>
  </View>
  <View
    accessibilityValue={
      {
        "max": undefined,
        "min": undefined,
        "now": undefined,
        "text": undefined,
      }
    }
    accessible={true}
    focusable={true}
    onClick={[Function]}
    onResponderGrant={[Function]}
    onResponderMove={[Function]}
    onResponderRelease={[Function]}
    onResponderTerminate={[Function]}
    onResponderTerminationRequest={[Function]}
    onStartShouldSetResponder={[Function]}
    testID="preaching-table-row"
  >
    <View
      style={
        {
          "alignItems": "center",
          "flexDirection": "row",
          "width": "100%",
        }
      }
    >
      <View
        style={
          [
            {
              "backgroundColor": "#3C3547",
              "borderColor": "#000000",
              "borderWidth": 1,
              "height": 60,
              "justifyContent": "center",
            },
            {
              "backgroundColor": "#746C84",
              "width": 121,
            },
          ]
        }
      >
        <Text
          style={
            {
              "color": "#FFFFFF",
              "fontSize": 16,
              "marginLeft": 10,
            }
          }
          testID="table-cell-text"
        >
          2
        </Text>
      </View>
      <View
        style={
          [
            {
              "backgroundColor": "#3C3547",
              "borderColor": "#000000",
              "borderWidth": 1,
              "height": 60,
              "justifyContent": "center",
            },
            {
              "backgroundColor": "#746C84",
              "width": 121,
            },
          ]
        }
      >
        <Text
          style={
            {
              "color": "#FFFFFF",
              "fontSize": 16,
              "marginLeft": 10,
            }
          }
          testID="table-cell-text"
        >
          12
        </Text>
      </View>
      <View
        style={
          [
            {
              "backgroundColor": "#3C3547",
              "borderColor": "#000000",
              "borderWidth": 1,
              "height": 60,
              "justifyContent": "center",
            },
            {
              "backgroundColor": "#746C84",
              "width": 242,
            },
          ]
        }
      >
        <Text
          style={
            {
              "color": "#FFFFFF",
              "fontSize": 16,
              "marginLeft": 10,
            }
          }
          testID="table-cell-text"
        >
          13:00
        </Text>
      </View>
      <View
        style={
          [
            {
              "backgroundColor": "#3C3547",
              "borderColor": "#000000",
              "borderWidth": 1,
              "height": 60,
              "justifyContent": "center",
            },
            {
              "backgroundColor": "#746C84",
              "width": 242,
            },
          ]
        }
      >
        <Text
          style={
            {
              "color": "#FFFFFF",
              "fontSize": 16,
              "marginLeft": 10,
            }
          }
          testID="table-cell-text"
        >
          16:00
        </Text>
      </View>
    </View>
  </View>
  <View
    accessibilityValue={
      {
        "max": undefined,
        "min": undefined,
        "now": undefined,
        "text": undefined,
      }
    }
    accessible={true}
    focusable={true}
    onClick={[Function]}
    onResponderGrant={[Function]}
    onResponderMove={[Function]}
    onResponderRelease={[Function]}
    onResponderTerminate={[Function]}
    onResponderTerminationRequest={[Function]}
    onStartShouldSetResponder={[Function]}
    testID="preaching-table-row"
  >
    <View
      style={
        {
          "alignItems": "center",
          "flexDirection": "row",
          "width": "100%",
        }
      }
    >
      <View
        style={
          [
            {
              "backgroundColor": "#3C3547",
              "borderColor": "#000000",
              "borderWidth": 1,
              "height": 60,
              "justifyContent": "center",
            },
            {
              "backgroundColor": "#746C84",
              "width": 121,
            },
          ]
        }
      >
        <Text
          style={
            {
              "color": "#FFFFFF",
              "fontSize": 16,
              "marginLeft": 10,
            }
          }
          testID="table-cell-text"
        >
          3
        </Text>
      </View>
      <View
        style={
          [
            {
              "backgroundColor": "#3C3547",
              "borderColor": "#000000",
              "borderWidth": 1,
              "height": 60,
              "justifyContent": "center",
            },
            {
              "backgroundColor": "#746C84",
              "width": 121,
            },
          ]
        }
      >
        <Text
          style={
            {
              "color": "#FFFFFF",
              "fontSize": 16,
              "marginLeft": 10,
            }
          }
          testID="table-cell-text"
        >
          12
        </Text>
      </View>
      <View
        style={
          [
            {
              "backgroundColor": "#3C3547",
              "borderColor": "#000000",
              "borderWidth": 1,
              "height": 60,
              "justifyContent": "center",
            },
            {
              "backgroundColor": "#746C84",
              "width": 242,
            },
          ]
        }
      >
        <Text
          style={
            {
              "color": "#FFFFFF",
              "fontSize": 16,
              "marginLeft": 10,
            }
          }
          testID="table-cell-text"
        >
          13:00
        </Text>
      </View>
      <View
        style={
          [
            {
              "backgroundColor": "#3C3547",
              "borderColor": "#000000",
              "borderWidth": 1,
              "height": 60,
              "justifyContent": "center",
            },
            {
              "backgroundColor": "#746C84",
              "width": 242,
            },
          ]
        }
      >
        <Text
          style={
            {
              "color": "#FFFFFF",
              "fontSize": 16,
              "marginLeft": 10,
            }
          }
          testID="table-cell-text"
        >
          16:00
        </Text>
      </View>
    </View>
  </View>
  <View
    accessibilityValue={
      {
        "max": undefined,
        "min": undefined,
        "now": undefined,
        "text": undefined,
      }
    }
    accessible={true}
    focusable={true}
    onClick={[Function]}
    onResponderGrant={[Function]}
    onResponderMove={[Function]}
    onResponderRelease={[Function]}
    onResponderTerminate={[Function]}
    onResponderTerminationRequest={[Function]}
    onStartShouldSetResponder={[Function]}
    testID="preaching-table-row"
  >
    <View
      style={
        {
          "alignItems": "center",
          "flexDirection": "row",
          "width": "100%",
        }
      }
    >
      <View
        style={
          [
            {
              "backgroundColor": "#3C3547",
              "borderColor": "#000000",
              "borderWidth": 1,
              "height": 60,
              "justifyContent": "center",
            },
            {
              "backgroundColor": "#746C84",
              "width": 121,
            },
          ]
        }
      >
        <Text
          style={
            {
              "color": "#FFFFFF",
              "fontSize": 16,
              "marginLeft": 10,
            }
          }
          testID="table-cell-text"
        >
          4
        </Text>
      </View>
      <View
        style={
          [
            {
              "backgroundColor": "#3C3547",
              "borderColor": "#000000",
              "borderWidth": 1,
              "height": 60,
              "justifyContent": "center",
            },
            {
              "backgroundColor": "#746C84",
              "width": 121,
            },
          ]
        }
      >
        <Text
          style={
            {
              "color": "#FFFFFF",
              "fontSize": 16,
              "marginLeft": 10,
            }
          }
          testID="table-cell-text"
        >
          12
        </Text>
      </View>
      <View
        style={
          [
            {
              "backgroundColor": "#3C3547",
              "borderColor": "#000000",
              "borderWidth": 1,
              "height": 60,
              "justifyContent": "center",
            },
            {
              "backgroundColor": "#746C84",
              "width": 242,
            },
          ]
        }
      >
        <Text
          style={
            {
              "color": "#FFFFFF",
              "fontSize": 16,
              "marginLeft": 10,
            }
          }
          testID="table-cell-text"
        >
          13:00
        </Text>
      </View>
      <View
        style={
          [
            {
              "backgroundColor": "#3C3547",
              "borderColor": "#000000",
              "borderWidth": 1,
              "height": 60,
              "justifyContent": "center",
            },
            {
              "backgroundColor": "#746C84",
              "width": 242,
            },
          ]
        }
      >
        <Text
          style={
            {
              "color": "#FFFFFF",
              "fontSize": 16,
              "marginLeft": 10,
            }
          }
          testID="table-cell-text"
        >
          16:00
        </Text>
      </View>
    </View>
  </View>
  <View
    accessibilityValue={
      {
        "max": undefined,
        "min": undefined,
        "now": undefined,
        "text": undefined,
      }
    }
    accessible={true}
    focusable={true}
    onClick={[Function]}
    onResponderGrant={[Function]}
    onResponderMove={[Function]}
    onResponderRelease={[Function]}
    onResponderTerminate={[Function]}
    onResponderTerminationRequest={[Function]}
    onStartShouldSetResponder={[Function]}
    testID="preaching-table-row"
  >
    <View
      style={
        {
          "alignItems": "center",
          "flexDirection": "row",
          "width": "100%",
        }
      }
    >
      <View
        style={
          [
            {
              "backgroundColor": "#3C3547",
              "borderColor": "#000000",
              "borderWidth": 1,
              "height": 60,
              "justifyContent": "center",
            },
            {
              "backgroundColor": "#746C84",
              "width": 121,
            },
          ]
        }
      >
        <Text
          style={
            {
              "color": "#FFFFFF",
              "fontSize": 16,
              "marginLeft": 10,
            }
          }
          testID="table-cell-text"
        >
          5
        </Text>
      </View>
      <View
        style={
          [
            {
              "backgroundColor": "#3C3547",
              "borderColor": "#000000",
              "borderWidth": 1,
              "height": 60,
              "justifyContent": "center",
            },
            {
              "backgroundColor": "#746C84",
              "width": 121,
            },
          ]
        }
      >
        <Text
          style={
            {
              "color": "#FFFFFF",
              "fontSize": 16,
              "marginLeft": 10,
            }
          }
          testID="table-cell-text"
        >
          12
        </Text>
      </View>
      <View
        style={
          [
            {
              "backgroundColor": "#3C3547",
              "borderColor": "#000000",
              "borderWidth": 1,
              "height": 60,
              "justifyContent": "center",
            },
            {
              "backgroundColor": "#746C84",
              "width": 242,
            },
          ]
        }
      >
        <Text
          style={
            {
              "color": "#FFFFFF",
              "fontSize": 16,
              "marginLeft": 10,
            }
          }
          testID="table-cell-text"
        >
          13:00
        </Text>
      </View>
      <View
        style={
          [
            {
              "backgroundColor": "#3C3547",
              "borderColor": "#000000",
              "borderWidth": 1,
              "height": 60,
              "justifyContent": "center",
            },
            {
              "backgroundColor": "#746C84",
              "width": 242,
            },
          ]
        }
      >
        <Text
          style={
            {
              "color": "#FFFFFF",
              "fontSize": 16,
              "marginLeft": 10,
            }
          }
          testID="table-cell-text"
        >
          16:00
        </Text>
      </View>
    </View>
  </View>
  <View
    accessibilityValue={
      {
        "max": undefined,
        "min": undefined,
        "now": undefined,
        "text": undefined,
      }
    }
    accessible={true}
    focusable={true}
    onClick={[Function]}
    onResponderGrant={[Function]}
    onResponderMove={[Function]}
    onResponderRelease={[Function]}
    onResponderTerminate={[Function]}
    onResponderTerminationRequest={[Function]}
    onStartShouldSetResponder={[Function]}
    testID="preaching-table-row"
  >
    <View
      style={
        {
          "alignItems": "center",
          "flexDirection": "row",
          "width": "100%",
        }
      }
    >
      <View
        style={
          [
            {
              "backgroundColor": "#3C3547",
              "borderColor": "#000000",
              "borderWidth": 1,
              "height": 60,
              "justifyContent": "center",
            },
            {
              "backgroundColor": "#746C84",
              "width": 121,
            },
          ]
        }
      >
        <Text
          style={
            {
              "color": "#FFFFFF",
              "fontSize": 16,
              "marginLeft": 10,
            }
          }
          testID="table-cell-text"
        >
          6
        </Text>
      </View>
      <View
        style={
          [
            {
              "backgroundColor": "#3C3547",
              "borderColor": "#000000",
              "borderWidth": 1,
              "height": 60,
              "justifyContent": "center",
            },
            {
              "backgroundColor": "#746C84",
              "width": 121,
            },
          ]
        }
      >
        <Text
          style={
            {
              "color": "#FFFFFF",
              "fontSize": 16,
              "marginLeft": 10,
            }
          }
          testID="table-cell-text"
        >
          12
        </Text>
      </View>
      <View
        style={
          [
            {
              "backgroundColor": "#3C3547",
              "borderColor": "#000000",
              "borderWidth": 1,
              "height": 60,
              "justifyContent": "center",
            },
            {
              "backgroundColor": "#746C84",
              "width": 242,
            },
          ]
        }
      >
        <Text
          style={
            {
              "color": "#FFFFFF",
              "fontSize": 16,
              "marginLeft": 10,
            }
          }
          testID="table-cell-text"
        >
          13:00
        </Text>
      </View>
      <View
        style={
          [
            {
              "backgroundColor": "#3C3547",
              "borderColor": "#000000",
              "borderWidth": 1,
              "height": 60,
              "justifyContent": "center",
            },
            {
              "backgroundColor": "#746C84",
              "width": 242,
            },
          ]
        }
      >
        <Text
          style={
            {
              "color": "#FFFFFF",
              "fontSize": 16,
              "marginLeft": 10,
            }
          }
          testID="table-cell-text"
        >
          16:00
        </Text>
      </View>
    </View>
  </View>
  <View
    accessibilityValue={
      {
        "max": undefined,
        "min": undefined,
        "now": undefined,
        "text": undefined,
      }
    }
    accessible={true}
    focusable={true}
    onClick={[Function]}
    onResponderGrant={[Function]}
    onResponderMove={[Function]}
    onResponderRelease={[Function]}
    onResponderTerminate={[Function]}
    onResponderTerminationRequest={[Function]}
    onStartShouldSetResponder={[Function]}
    testID="preaching-table-row"
  >
    <View
      style={
        {
          "alignItems": "center",
          "flexDirection": "row",
          "width": "100%",
        }
      }
    >
      <View
        style={
          [
            {
              "backgroundColor": "#3C3547",
              "borderColor": "#000000",
              "borderWidth": 1,
              "height": 60,
              "justifyContent": "center",
            },
            {
              "backgroundColor": "#746C84",
              "width": 121,
            },
          ]
        }
      >
        <Text
          style={
            {
              "color": "#FFFFFF",
              "fontSize": 16,
              "marginLeft": 10,
            }
          }
          testID="table-cell-text"
        >
          7
        </Text>
      </View>
      <View
        style={
          [
            {
              "backgroundColor": "#3C3547",
              "borderColor": "#000000",
              "borderWidth": 1,
              "height": 60,
              "justifyContent": "center",
            },
            {
              "backgroundColor": "#746C84",
              "width": 121,
            },
          ]
        }
      >
        <Text
          style={
            {
              "color": "#FFFFFF",
              "fontSize": 16,
              "marginLeft": 10,
            }
          }
          testID="table-cell-text"
        >
          12
        </Text>
      </View>
      <View
        style={
          [
            {
              "backgroundColor": "#3C3547",
              "borderColor": "#000000",
              "borderWidth": 1,
              "height": 60,
              "justifyContent": "center",
            },
            {
              "backgroundColor": "#746C84",
              "width": 242,
            },
          ]
        }
      >
        <Text
          style={
            {
              "color": "#FFFFFF",
              "fontSize": 16,
              "marginLeft": 10,
            }
          }
          testID="table-cell-text"
        >
          13:00
        </Text>
      </View>
      <View
        style={
          [
            {
              "backgroundColor": "#3C3547",
              "borderColor": "#000000",
              "borderWidth": 1,
              "height": 60,
              "justifyContent": "center",
            },
            {
              "backgroundColor": "#746C84",
              "width": 242,
            },
          ]
        }
      >
        <Text
          style={
            {
              "color": "#FFFFFF",
              "fontSize": 16,
              "marginLeft": 10,
            }
          }
          testID="table-cell-text"
        >
          16:00
        </Text>
      </View>
    </View>
  </View>
  <View
    accessibilityValue={
      {
        "max": undefined,
        "min": undefined,
        "now": undefined,
        "text": undefined,
      }
    }
    accessible={true}
    focusable={true}
    onClick={[Function]}
    onResponderGrant={[Function]}
    onResponderMove={[Function]}
    onResponderRelease={[Function]}
    onResponderTerminate={[Function]}
    onResponderTerminationRequest={[Function]}
    onStartShouldSetResponder={[Function]}
    testID="preaching-table-row"
  >
    <View
      style={
        {
          "alignItems": "center",
          "flexDirection": "row",
          "width": "100%",
        }
      }
    >
      <View
        style={
          [
            {
              "backgroundColor": "#3C3547",
              "borderColor": "#000000",
              "borderWidth": 1,
              "height": 60,
              "justifyContent": "center",
            },
            {
              "backgroundColor": "#746C84",
              "width": 121,
            },
          ]
        }
      >
        <Text
          style={
            {
              "color": "#FFFFFF",
              "fontSize": 16,
              "marginLeft": 10,
            }
          }
          testID="table-cell-text"
        >
          8
        </Text>
      </View>
      <View
        style={
          [
            {
              "backgroundColor": "#3C3547",
              "borderColor": "#000000",
              "borderWidth": 1,
              "height": 60,
              "justifyContent": "center",
            },
            {
              "backgroundColor": "#746C84",
              "width": 121,
            },
          ]
        }
      >
        <Text
          style={
            {
              "color": "#FFFFFF",
              "fontSize": 16,
              "marginLeft": 10,
            }
          }
          testID="table-cell-text"
        >
          12
        </Text>
      </View>
      <View
        style={
          [
            {
              "backgroundColor": "#3C3547",
              "borderColor": "#000000",
              "borderWidth": 1,
              "height": 60,
              "justifyContent": "center",
            },
            {
              "backgroundColor": "#746C84",
              "width": 242,
            },
          ]
        }
      >
        <Text
          style={
            {
              "color": "#FFFFFF",
              "fontSize": 16,
              "marginLeft": 10,
            }
          }
          testID="table-cell-text"
        >
          13:00
        </Text>
      </View>
      <View
        style={
          [
            {
              "backgroundColor": "#3C3547",
              "borderColor": "#000000",
              "borderWidth": 1,
              "height": 60,
              "justifyContent": "center",
            },
            {
              "backgroundColor": "#746C84",
              "width": 242,
            },
          ]
        }
      >
        <Text
          style={
            {
              "color": "#FFFFFF",
              "fontSize": 16,
              "marginLeft": 10,
            }
          }
          testID="table-cell-text"
        >
          16:00
        </Text>
      </View>
    </View>
  </View>
  <View
    accessibilityValue={
      {
        "max": undefined,
        "min": undefined,
        "now": undefined,
        "text": undefined,
      }
    }
    accessible={true}
    focusable={true}
    onClick={[Function]}
    onResponderGrant={[Function]}
    onResponderMove={[Function]}
    onResponderRelease={[Function]}
    onResponderTerminate={[Function]}
    onResponderTerminationRequest={[Function]}
    onStartShouldSetResponder={[Function]}
    testID="preaching-table-row"
  >
    <View
      style={
        {
          "alignItems": "center",
          "flexDirection": "row",
          "width": "100%",
        }
      }
    >
      <View
        style={
          [
            {
              "backgroundColor": "#3C3547",
              "borderColor": "#000000",
              "borderWidth": 1,
              "height": 60,
              "justifyContent": "center",
            },
            {
              "backgroundColor": "#746C84",
              "width": 121,
            },
          ]
        }
      >
        <Text
          style={
            {
              "color": "#FFFFFF",
              "fontSize": 16,
              "marginLeft": 10,
            }
          }
          testID="table-cell-text"
        >
          9
        </Text>
      </View>
      <View
        style={
          [
            {
              "backgroundColor": "#3C3547",
              "borderColor": "#000000",
              "borderWidth": 1,
              "height": 60,
              "justifyContent": "center",
            },
            {
              "backgroundColor": "#746C84",
              "width": 121,
            },
          ]
        }
      >
        <Text
          style={
            {
              "color": "#FFFFFF",
              "fontSize": 16,
              "marginLeft": 10,
            }
          }
          testID="table-cell-text"
        >
          12
        </Text>
      </View>
      <View
        style={
          [
            {
              "backgroundColor": "#3C3547",
              "borderColor": "#000000",
              "borderWidth": 1,
              "height": 60,
              "justifyContent": "center",
            },
            {
              "backgroundColor": "#746C84",
              "width": 242,
            },
          ]
        }
      >
        <Text
          style={
            {
              "color": "#FFFFFF",
              "fontSize": 16,
              "marginLeft": 10,
            }
          }
          testID="table-cell-text"
        >
          13:00
        </Text>
      </View>
      <View
        style={
          [
            {
              "backgroundColor": "#3C3547",
              "borderColor": "#000000",
              "borderWidth": 1,
              "height": 60,
              "justifyContent": "center",
            },
            {
              "backgroundColor": "#746C84",
              "width": 242,
            },
          ]
        }
      >
        <Text
          style={
            {
              "color": "#FFFFFF",
              "fontSize": 16,
              "marginLeft": 10,
            }
          }
          testID="table-cell-text"
        >
          16:00
        </Text>
      </View>
    </View>
  </View>
  <View
    accessibilityValue={
      {
        "max": undefined,
        "min": undefined,
        "now": undefined,
        "text": undefined,
      }
    }
    accessible={true}
    focusable={true}
    onClick={[Function]}
    onResponderGrant={[Function]}
    onResponderMove={[Function]}
    onResponderRelease={[Function]}
    onResponderTerminate={[Function]}
    onResponderTerminationRequest={[Function]}
    onStartShouldSetResponder={[Function]}
    testID="preaching-table-row"
  >
    <View
      style={
        {
          "alignItems": "center",
          "flexDirection": "row",
          "width": "100%",
        }
      }
    >
      <View
        style={
          [
            {
              "backgroundColor": "#3C3547",
              "borderColor": "#000000",
              "borderWidth": 1,
              "height": 60,
              "justifyContent": "center",
            },
            {
              "backgroundColor": "#746C84",
              "width": 121,
            },
          ]
        }
      >
        <Text
          style={
            {
              "color": "#FFFFFF",
              "fontSize": 16,
              "marginLeft": 10,
            }
          }
          testID="table-cell-text"
        >
          10
        </Text>
      </View>
      <View
        style={
          [
            {
              "backgroundColor": "#3C3547",
              "borderColor": "#000000",
              "borderWidth": 1,
              "height": 60,
              "justifyContent": "center",
            },
            {
              "backgroundColor": "#746C84",
              "width": 121,
            },
          ]
        }
      >
        <Text
          style={
            {
              "color": "#FFFFFF",
              "fontSize": 16,
              "marginLeft": 10,
            }
          }
          testID="table-cell-text"
        >
          12
        </Text>
      </View>
      <View
        style={
          [
            {
              "backgroundColor": "#3C3547",
              "borderColor": "#000000",
              "borderWidth": 1,
              "height": 60,
              "justifyContent": "center",
            },
            {
              "backgroundColor": "#746C84",
              "width": 242,
            },
          ]
        }
      >
        <Text
          style={
            {
              "color": "#FFFFFF",
              "fontSize": 16,
              "marginLeft": 10,
            }
          }
          testID="table-cell-text"
        >
          13:00
        </Text>
      </View>
      <View
        style={
          [
            {
              "backgroundColor": "#3C3547",
              "borderColor": "#000000",
              "borderWidth": 1,
              "height": 60,
              "justifyContent": "center",
            },
            {
              "backgroundColor": "#746C84",
              "width": 242,
            },
          ]
        }
      >
        <Text
          style={
            {
              "color": "#FFFFFF",
              "fontSize": 16,
              "marginLeft": 10,
            }
          }
          testID="table-cell-text"
        >
          16:00
        </Text>
      </View>
    </View>
  </View>
  <View
    accessibilityValue={
      {
        "max": undefined,
        "min": undefined,
        "now": undefined,
        "text": undefined,
      }
    }
    accessible={true}
    focusable={true}
    onClick={[Function]}
    onResponderGrant={[Function]}
    onResponderMove={[Function]}
    onResponderRelease={[Function]}
    onResponderTerminate={[Function]}
    onResponderTerminationRequest={[Function]}
    onStartShouldSetResponder={[Function]}
    testID="preaching-table-row"
  >
    <View
      style={
        {
          "alignItems": "center",
          "flexDirection": "row",
          "width": "100%",
        }
      }
    >
      <View
        style={
          [
            {
              "backgroundColor": "#3C3547",
              "borderColor": "#000000",
              "borderWidth": 1,
              "height": 60,
              "justifyContent": "center",
            },
            {
              "backgroundColor": "#746C84",
              "width": 121,
            },
          ]
        }
      >
        <Text
          style={
            {
              "color": "#FFFFFF",
              "fontSize": 16,
              "marginLeft": 10,
            }
          }
          testID="table-cell-text"
        >
          11
        </Text>
      </View>
      <View
        style={
          [
            {
              "backgroundColor": "#3C3547",
              "borderColor": "#000000",
              "borderWidth": 1,
              "height": 60,
              "justifyContent": "center",
            },
            {
              "backgroundColor": "#746C84",
              "width": 121,
            },
          ]
        }
      >
        <Text
          style={
            {
              "color": "#FFFFFF",
              "fontSize": 16,
              "marginLeft": 10,
            }
          }
          testID="table-cell-text"
        >
          12
        </Text>
      </View>
      <View
        style={
          [
            {
              "backgroundColor": "#3C3547",
              "borderColor": "#000000",
              "borderWidth": 1,
              "height": 60,
              "justifyContent": "center",
            },
            {
              "backgroundColor": "#746C84",
              "width": 242,
            },
          ]
        }
      >
        <Text
          style={
            {
              "color": "#FFFFFF",
              "fontSize": 16,
              "marginLeft": 10,
            }
          }
          testID="table-cell-text"
        >
          13:00
        </Text>
      </View>
      <View
        style={
          [
            {
              "backgroundColor": "#3C3547",
              "borderColor": "#000000",
              "borderWidth": 1,
              "height": 60,
              "justifyContent": "center",
            },
            {
              "backgroundColor": "#746C84",
              "width": 242,
            },
          ]
        }
      >
        <Text
          style={
            {
              "color": "#FFFFFF",
              "fontSize": 16,
              "marginLeft": 10,
            }
          }
          testID="table-cell-text"
        >
          16:00
        </Text>
      </View>
    </View>
  </View>
  <View
    style={
      {
        "alignItems": "center",
        "flexDirection": "row",
        "width": "100%",
      }
    }
  >
    <View
      style={
        [
          {
            "backgroundColor": "#3C3547",
            "borderColor": "#000000",
            "borderWidth": 1,
            "height": 60,
            "justifyContent": "center",
          },
          {
            "backgroundColor": "#544C63",
            "width": 242,
          },
        ]
      }
    >
      <Text
        style={
          {
            "color": "#FFFFFF",
            "fontSize": 16,
            "marginLeft": 10,
          }
        }
        testID="table-cell-text"
      >
        Total
      </Text>
    </View>
    <View
      style={
        [
          {
            "backgroundColor": "#3C3547",
            "borderColor": "#000000",
            "borderWidth": 1,
            "height": 60,
            "justifyContent": "center",
          },
          {
            "backgroundColor": "#544C63",
            "width": 484,
          },
        ]
      }
    >
      <Text
        style={
          {
            "color": "#FFFFFF",
            "fontSize": 16,
            "marginLeft": 10,
          }
        }
        testID="table-cell-text"
      >
        33H
      </Text>
    </View>
  </View>
</View>
`;
