// Jest Snapshot v1, https://goo.gl/fbAQLP

exports[`Test in <LessonForm /> component should to match snapshot 1`] = `
<View
  style={
    {
      "alignItems": "center",
      "flex": 1,
      "justifyContent": "center",
      "paddingBottom": 40,
      "paddingTop": 30,
    }
  }
>
  <View
    style={
      {
        "display": "flex",
        "padding": 10,
        "width": 675,
      }
    }
  >
    <Text
      style={
        [
          {
            "color": "#FFFFFF",
            "fontSize": 18,
            "marginBottom": 5,
            "padding": 5,
          },
          undefined,
        ]
      }
      testID="form-field-label"
    >
      ¿Qué verán la próxima clase?
    </Text>
    <View
      style={
        {
          "borderColor": "transparent",
          "borderRadius": 7,
          "borderWidth": 1,
        }
      }
    >
      <View
        style={
          {
            "borderColor": "#FFFFFF",
            "borderRadius": 5,
            "borderWidth": 0.5,
          }
        }
      >
        <View
          style={
            [
              {
                "alignItems": "center",
                "borderColor": "transparent",
                "borderRadius": 5,
                "borderWidth": 1.5,
                "flexDirection": "row",
                "paddingRight": 10,
              },
              undefined,
            ]
          }
        >
          <TextInput
            autoCorrect={false}
            cursorColor="#C0A7E1"
            multiline={true}
            numberOfLines={10}
            onBlur={[Function]}
            onChangeText={[Function]}
            onFocus={[Function]}
            onSelectionChange={[Function]}
            placeholder="Ingrese el tema que se estudiará en la siguiente clase"
            placeholderTextColor="#BFBFBF"
            selection={
              {
                "end": 0,
                "start": 0,
              }
            }
            selectionColor="#A0B9E2"
            style={
              [
                {
                  "color": "#FFFFFF",
                  "flex": 1,
                  "fontSize": 17,
                  "paddingLeft": 10,
                  "paddingRight": 5,
                  "textAlignVertical": "top",
                },
                undefined,
              ]
            }
            testID="form-field-text-input"
            value=""
          />
        </View>
      </View>
    </View>
  </View>
  <View
    style={
      {
        "display": "flex",
        "padding": 10,
        "width": 675,
      }
    }
  >
    <Text
      style={
        [
          {
            "color": "#FFFFFF",
            "fontSize": 18,
            "marginBottom": 5,
            "padding": 5,
          },
          undefined,
        ]
      }
      testID="datetimefield-label"
    >
      Próxima clase:
    </Text>
    <View
      style={
        {
          "alignItems": "center",
          "flexDirection": "row",
          "width": "100%",
        }
      }
    >
      <View
        style={
          [
            {
              "alignItems": "center",
              "borderColor": "#FFFFFF",
              "borderRadius": 5,
              "borderWidth": 0.5,
              "flex": 1,
              "flexDirection": "row",
            },
            undefined,
          ]
        }
      >
        <TextInput
          autoCorrect={false}
          editable={false}
          modalTitle="Próxima clase"
          placeholder="Seleccione el día"
          placeholderTextColor="#BFBFBF"
          selectionColor="#A0B9E2"
          style={
            [
              {
                "color": "#FFFFFF",
                "fontSize": 17,
                "paddingLeft": 10,
              },
              undefined,
            ]
          }
          testID="datetimefield-text-input"
          value="29/12/2022"
        />
      </View>
      <View
        accessibilityState={
          {
            "busy": undefined,
            "checked": undefined,
            "disabled": false,
            "expanded": undefined,
            "selected": undefined,
          }
        }
        accessibilityValue={
          {
            "max": undefined,
            "min": undefined,
            "now": undefined,
            "text": undefined,
          }
        }
        accessible={true}
        collapsable={false}
        focusable={true}
        onBlur={[Function]}
        onClick={[Function]}
        onFocus={[Function]}
        onResponderGrant={[Function]}
        onResponderMove={[Function]}
        onResponderRelease={[Function]}
        onResponderTerminate={[Function]}
        onResponderTerminationRequest={[Function]}
        onStartShouldSetResponder={[Function]}
        style={
          [
            {
              "overflow": "hidden",
            },
            false,
            [
              {
                "backgroundColor": "#C0A7E1",
                "borderRadius": 10,
              },
              {
                "marginLeft": 10,
              },
            ],
          ]
        }
        testID="button-touchable"
      >
        <View
          style={
            [
              {
                "alignItems": "center",
                "flexDirection": "row",
                "justifyContent": "center",
                "paddingHorizontal": 20,
                "paddingVertical": 8,
              },
              {
                "paddingHorizontal": 10,
              },
            ]
          }
        >
          <Text
            style={
              [
                {
                  "textAlign": "left",
                },
                {
                  "color": "rgba(28, 27, 31, 1)",
                  "fontFamily": "System",
                  "fontWeight": "400",
                  "letterSpacing": 0,
                },
                {
                  "writingDirection": "ltr",
                },
                [
                  {
                    "color": "#121212",
                    "fontSize": 18,
                    "fontWeight": "bold",
                    "marginBottom": 2,
                    "textAlign": "center",
                  },
                  undefined,
                ],
              ]
            }
            testID="button-text"
          />
          <Text
            allowFontScaling={false}
            selectable={false}
            style={
              [
                {
                  "color": "#121212",
                  "fontSize": 25,
                },
                undefined,
                {
                  "fontFamily": "Ionicons",
                  "fontStyle": "normal",
                  "fontWeight": "normal",
                },
                {},
              ]
            }
          >
            
          </Text>
        </View>
      </View>
    </View>
    <Modal
      animationType="none"
      hardwareAccelerated={false}
      isVisible={false}
      onHide={[Function]}
      transparent={true}
      visible={false}
    />
  </View>
  <View
    style={
      {
        "flex": 1,
      }
    }
  />
  <View
    accessibilityState={
      {
        "busy": undefined,
        "checked": undefined,
        "disabled": false,
        "expanded": undefined,
        "selected": undefined,
      }
    }
    accessibilityValue={
      {
        "max": undefined,
        "min": undefined,
        "now": undefined,
        "text": undefined,
      }
    }
    accessible={true}
    collapsable={false}
    focusable={true}
    onBlur={[Function]}
    onClick={[Function]}
    onFocus={[Function]}
    onResponderGrant={[Function]}
    onResponderMove={[Function]}
    onResponderRelease={[Function]}
    onResponderTerminate={[Function]}
    onResponderTerminationRequest={[Function]}
    onStartShouldSetResponder={[Function]}
    style={
      [
        {
          "overflow": "hidden",
        },
        false,
        [
          {
            "backgroundColor": "#C0A7E1",
            "borderRadius": 10,
          },
          {
            "marginTop": 30,
          },
        ],
      ]
    }
    testID="button-touchable"
  >
    <View
      style={
        [
          {
            "alignItems": "center",
            "flexDirection": "row",
            "justifyContent": "center",
            "paddingHorizontal": 20,
            "paddingVertical": 8,
          },
          undefined,
        ]
      }
    >
      <Text
        style={
          [
            {
              "textAlign": "left",
            },
            {
              "color": "rgba(28, 27, 31, 1)",
              "fontFamily": "System",
              "fontWeight": "400",
              "letterSpacing": 0,
            },
            {
              "writingDirection": "ltr",
            },
            [
              {
                "color": "#121212",
                "fontSize": 18,
                "fontWeight": "bold",
                "marginBottom": 2,
                "textAlign": "center",
              },
              undefined,
            ],
          ]
        }
        testID="button-text"
      >
        Guardar
      </Text>
    </View>
  </View>
</View>
`;
