// Jest Snapshot v1, https://goo.gl/fbAQLP

exports[`Test in <StatusModal /> screen should to match snapshot 1`] = `
<Modal
  animationType="fade"
  hardwareAccelerated={false}
  statusBarTranslucent={true}
  transparent={true}
  visible={true}
>
  <View
    style={
      Object {
        "alignItems": "center",
        "backgroundColor": "rgba(0, 0, 0, 0.5)",
        "flex": 1,
        "justifyContent": "center",
        "zIndex": 999,
      }
    }
  >
    <View
      style={
        Object {
          "backgroundColor": "#292929",
          "borderRadius": 10,
          "justifyContent": "space-between",
          "minHeight": 120,
          "padding": 15,
          "width": "87%",
        }
      }
    >
      <View
        style={
          Object {
            "alignItems": "center",
          }
        }
      >
        <Text
          style={
            Object {
              "color": "#B4B4B4",
              "fontSize": 19,
              "marginBottom": 10,
              "marginTop": 5,
              "width": "90%",
            }
          }
        >
          Test message of status modal.
        </Text>
      </View>
      <View
        style={
          Object {
            "flexDirection": "row",
            "justifyContent": "flex-end",
            "marginTop": 20,
          }
        }
      >
        <View
          accessibilityState={
            Object {
              "disabled": false,
            }
          }
          accessible={true}
          collapsable={false}
          focusable={true}
          onBlur={[Function]}
          onClick={[Function]}
          onFocus={[Function]}
          onResponderGrant={[Function]}
          onResponderMove={[Function]}
          onResponderRelease={[Function]}
          onResponderTerminate={[Function]}
          onResponderTerminationRequest={[Function]}
          onStartShouldSetResponder={[Function]}
          style={
            Array [
              Object {
                "overflow": "hidden",
              },
              false,
              Array [
                Object {
                  "backgroundColor": "#C0A7E1",
                  "borderRadius": 10,
                },
                Object {
                  "backgroundColor": "transparent",
                },
              ],
            ]
          }
          testID="button-touchable"
        >
          <View
            style={
              Array [
                Object {
                  "alignItems": "center",
                  "flexDirection": "row",
                  "justifyContent": "center",
                  "paddingHorizontal": 20,
                  "paddingVertical": 8,
                },
                Object {
                  "paddingHorizontal": 12,
                },
              ]
            }
          >
            <Text
              style={
                Array [
                  Object {
                    "textAlign": "left",
                  },
                  Object {
                    "color": "rgba(28, 27, 31, 1)",
                    "fontFamily": "System",
                    "fontWeight": "400",
                    "letterSpacing": 0,
                  },
                  Object {
                    "writingDirection": "ltr",
                  },
                  Array [
                    Object {
                      "color": "#121212",
                      "fontSize": 18,
                      "fontWeight": "bold",
                      "marginBottom": 2,
                      "textAlign": "center",
                    },
                    Object {
                      "color": "#C0A7E1",
                      "fontSize": 16,
                    },
                  ],
                ]
              }
              testID="button-text"
            >
              EST√Å BIEN
            </Text>
          </View>
        </View>
      </View>
    </View>
  </View>
</Modal>
`;
