// Jest Snapshot v1, https://goo.gl/fbAQLP

exports[`Test in <Lessons /> screen should to match snapshot 1`] = `
<View
  onLayout={[Function]}
  style={
    Object {
      "flex": 1,
    }
  }
>
  <View
    style={
      Array [
        Object {
          "flex": 1,
        },
        undefined,
        undefined,
        undefined,
      ]
    }
  >
    <RCTScrollView
      ListEmptyComponent={
        <ListEmptyComponent
          msg="No haz agregado clases a este curso."
          showMsg={false}
        />
      }
      ListFooterComponent={
        <ListFooterComponent
          marginTopPlus={false}
          showLoader={false}
        />
      }
      ListHeaderComponent={
        <React.Fragment>
          <Title
            containerStyle={
              Object {
                "paddingBottom": 20,
                "paddingTop": 30,
              }
            }
            text="Clases del curso con Fred Cremin"
            textStyle={
              Object {
                "fontSize": 24,
              }
            }
          />
          <SearchInput
            onClean={[Function]}
            onSearch={[Function]}
            refreshing={false}
            searchTerm=""
          />
        </React.Fragment>
      }
      ListHeaderComponentStyle={
        Object {
          "alignSelf": "flex-start",
        }
      }
      contentContainerStyle={
        Object {
          "alignItems": "center",
          "flexGrow": 1,
          "paddingBottom": 100,
        }
      }
      data={
        Array [
          Object {
            "course_id": "8ea3baf8-6b47-4222-8ed1-c62d5755b9a5",
            "created_at": "2021-01-01T00:00:00.000Z",
            "description": "Nemo et et non nesciunt ipsum sed rerum vero. Nostrum quae officiis qui nihil dignissimos consectetur aperiam. Vel harum ex. Ipsum ratione necessitatibus eum sint vero enim et consequatur. Ab autem rerum numquam ut. Laboriosam nihil est exercitationem unde aut reiciendis odit.",
            "done": false,
            "id": "0fb579e4-de87-4336-9375-76611c889f76",
            "next_lesson": "2021-01-01T00:00:00.000Z",
            "updated_at": "2021-01-01T00:00:00.000Z",
          },
        ]
      }
      getItem={[Function]}
      getItemCount={[Function]}
      keyExtractor={[Function]}
      onContentSizeChange={[Function]}
      onEndReached={[Function]}
      onEndReachedThreshold={0.5}
      onLayout={[Function]}
      onMomentumScrollBegin={[Function]}
      onMomentumScrollEnd={[Function]}
      onRefresh={[Function]}
      onScroll={[Function]}
      onScrollBeginDrag={[Function]}
      onScrollEndDrag={[Function]}
      overScrollMode="never"
      refreshControl={
        <RefreshControlMock
          onRefresh={[Function]}
          refreshing={false}
        />
      }
      refreshing={false}
      removeClippedSubviews={false}
      renderItem={[Function]}
      scrollEventThrottle={50}
      stickyHeaderIndices={Array []}
      viewabilityConfigCallbackPairs={Array []}
    >
      <RCTRefreshControl />
      <View>
        <View
          onLayout={[Function]}
          style={
            Object {
              "alignSelf": "flex-start",
            }
          }
        >
          <View
            style={
              Array [
                Object {
                  "alignItems": "flex-start",
                  "padding": 20,
                  "width": "100%",
                },
                Object {
                  "paddingBottom": 20,
                  "paddingTop": 30,
                },
              ]
            }
          >
            <Text
              style={
                Array [
                  Object {
                    "color": "#FFFFFF",
                    "fontSize": 38,
                    "fontWeight": "bold",
                  },
                  Object {
                    "fontSize": 24,
                  },
                ]
              }
              testID="title-text"
            >
              Clases del curso con Fred Cremin
            </Text>
          </View>
          <View
            style={
              Object {
                "alignItems": "center",
                "flexDirection": "row",
                "marginBottom": 30,
                "paddingHorizontal": 30,
                "width": "100%",
              }
            }
          >
            <Text
              allowFontScaling={false}
              selectable={false}
              style={
                Array [
                  Object {
                    "color": "#BFBFBF",
                    "fontSize": 25,
                  },
                  undefined,
                  Object {
                    "fontFamily": "Ionicons",
                    "fontStyle": "normal",
                    "fontWeight": "normal",
                  },
                  Object {},
                ]
              }
            >
              
            </Text>
            <View
              style={
                Object {
                  "alignItems": "center",
                  "borderBottomWidth": 1,
                  "borderColor": "#BFBFBF",
                  "flex": 1,
                  "flexDirection": "row",
                }
              }
              testID="search-input-text-input-container"
            >
              <TextInput
                autoCorrect={false}
                cursorColor="#C0A7E1"
                onBlur={[Function]}
                onChangeText={[Function]}
                onFocus={[Function]}
                onSubmitEditing={[Function]}
                placeholder="Buscar"
                placeholderTextColor="#BFBFBF"
                returnKeyType="search"
                style={
                  Object {
                    "color": "#FFFFFF",
                    "flex": 1,
                    "fontSize": 17,
                    "paddingLeft": 10,
                  }
                }
                testID="search-input-text-input"
                value=""
              />
              <View
                accessibilityState={
                  Object {
                    "disabled": true,
                  }
                }
                accessible={true}
                centered={true}
                collapsable={false}
                focusable={true}
                onBlur={[Function]}
                onClick={[Function]}
                onFocus={[Function]}
                onResponderGrant={[Function]}
                onResponderMove={[Function]}
                onResponderRelease={[Function]}
                onResponderTerminate={[Function]}
                onResponderTerminationRequest={[Function]}
                onStartShouldSetResponder={[Function]}
                style={
                  Array [
                    Object {
                      "overflow": "hidden",
                    },
                    false,
                    Object {
                      "alignItems": "center",
                      "borderRadius": 999,
                      "height": 40,
                      "justifyContent": "center",
                      "width": 40,
                    },
                  ]
                }
                testID="search-input-clear-btn"
              >
                <Text
                  allowFontScaling={false}
                  selectable={false}
                  style={
                    Array [
                      Object {
                        "color": "transparent",
                        "fontSize": 30,
                      },
                      undefined,
                      Object {
                        "fontFamily": "Ionicons",
                        "fontStyle": "normal",
                        "fontWeight": "normal",
                      },
                      Object {},
                    ]
                  }
                >
                  
                </Text>
              </View>
            </View>
          </View>
        </View>
        <View
          onLayout={[Function]}
          style={null}
        >
          <View
            accessibilityState={
              Object {
                "disabled": false,
              }
            }
            accessible={true}
            collapsable={false}
            focusable={true}
            onBlur={[Function]}
            onClick={[Function]}
            onFocus={[Function]}
            onResponderGrant={[Function]}
            onResponderMove={[Function]}
            onResponderRelease={[Function]}
            onResponderTerminate={[Function]}
            onResponderTerminationRequest={[Function]}
            onStartShouldSetResponder={[Function]}
            style={
              Array [
                Object {
                  "overflow": "hidden",
                },
                false,
                Object {
                  "marginVertical": 10,
                  "minWidth": "95%",
                  "width": "95%",
                },
              ]
            }
            testID="lesson-card-touchable"
          >
            <View
              style={
                Object {
                  "backgroundColor": "#292929",
                  "padding": 15,
                }
              }
            >
              <Text
                style={
                  Object {
                    "color": "#BFBFBF",
                    "fontSize": 14,
                    "marginBottom": 15,
                  }
                }
                testID="lesson-card-status-text"
              >
                Clase para el 31 de December del 2020
              </Text>
              <Text
                style={
                  Object {
                    "color": "#FFFFFF",
                    "fontSize": 16,
                  }
                }
                testID="lesson-card-description-text"
              >
                Nemo et et non nesciunt ipsum sed rerum vero. Nostrum quae officiis qui nihil dignissimos consectetur aperiam. Vel harum ex. Ipsum ratione necessitatibus eum sint vero enim et consequatur. Ab autem re...
              </Text>
              <View
                accessibilityState={
                  Object {
                    "disabled": false,
                  }
                }
                accessible={true}
                collapsable={false}
                focusable={true}
                onBlur={[Function]}
                onClick={[Function]}
                onFocus={[Function]}
                onResponderGrant={[Function]}
                onResponderMove={[Function]}
                onResponderRelease={[Function]}
                onResponderTerminate={[Function]}
                onResponderTerminationRequest={[Function]}
                onStartShouldSetResponder={[Function]}
                style={
                  Array [
                    Object {
                      "overflow": "hidden",
                    },
                    false,
                    Array [
                      Object {
                        "alignItems": "center",
                        "backgroundColor": "transparent",
                        "borderRadius": 50,
                        "height": 42,
                        "justifyContent": "center",
                        "margin": 5,
                        "width": 42,
                      },
                      Object {
                        "height": 35,
                        "position": "absolute",
                        "right": -2.5,
                        "top": 5,
                        "width": 35,
                      },
                    ],
                  ]
                }
                testID="fab-touchable"
              >
                <Text
                  allowFontScaling={false}
                  selectable={false}
                  style={
                    Array [
                      Object {
                        "color": "#C0A7E1",
                        "fontSize": 20,
                      },
                      Object {
                        "marginLeft": 2,
                      },
                      Object {
                        "fontFamily": "Ionicons",
                        "fontStyle": "normal",
                        "fontWeight": "normal",
                      },
                      Object {},
                    ]
                  }
                >
                  
                </Text>
              </View>
              <View
                style={
                  Object {
                    "position": "absolute",
                    "right": 20,
                    "top": 30,
                  }
                }
              >
                <View
                  collapsable={false}
                >
                  <View
                    accessible={true}
                    focusable={true}
                    onClick={[Function]}
                    onResponderGrant={[Function]}
                    onResponderMove={[Function]}
                    onResponderRelease={[Function]}
                    onResponderTerminate={[Function]}
                    onResponderTerminationRequest={[Function]}
                    onStartShouldSetResponder={[Function]}
                  >
                    <View
                      ctx={
                        Object {
                          "menuActions": Object {
                            "_getOpenedMenu": [Function],
                            "_notify": [Function],
                            "closeMenu": [Function],
                            "isMenuOpen": [Function],
                            "openMenu": [Function],
                            "toggleMenu": [Function],
                          },
                          "menuRegistry": Object {
                            "getAll": [Function],
                            "getMenu": [Function],
                            "setOptionsCustomStyles": [Function],
                            "subscribe": [Function],
                            "unsubscribe": [Function],
                            "updateLayoutInfo": [Function],
                          },
                        }
                      }
                      style={
                        Array [
                          undefined,
                          undefined,
                        ]
                      }
                    />
                  </View>
                </View>
              </View>
            </View>
          </View>
        </View>
        <View
          onLayout={[Function]}
        />
      </View>
    </RCTScrollView>
    <Modal
      animationType="fade"
      hardwareAccelerated={false}
      statusBarTranslucent={true}
      transparent={true}
      visible={false}
    />
    <Modal
      animationType="fade"
      hardwareAccelerated={false}
      statusBarTranslucent={true}
      transparent={true}
      visible={false}
    />
    <View
      accessibilityState={
        Object {
          "disabled": false,
        }
      }
      accessible={true}
      collapsable={false}
      focusable={true}
      onBlur={[Function]}
      onClick={[Function]}
      onFocus={[Function]}
      onResponderGrant={[Function]}
      onResponderMove={[Function]}
      onResponderRelease={[Function]}
      onResponderTerminate={[Function]}
      onResponderTerminationRequest={[Function]}
      onStartShouldSetResponder={[Function]}
      style={
        Array [
          Object {
            "overflow": "hidden",
          },
          false,
          Array [
            Object {
              "alignItems": "center",
              "backgroundColor": "#C0A7E1",
              "borderRadius": 50,
              "height": 42,
              "justifyContent": "center",
              "margin": 5,
              "width": 42,
            },
            Object {
              "bottom": 5,
              "height": 60,
              "position": "absolute",
              "right": 10,
              "width": 60,
            },
          ],
        ]
      }
      testID="fab-touchable"
    >
      <Text
        allowFontScaling={false}
        selectable={false}
        style={
          Array [
            Object {
              "color": "#121212",
              "fontSize": 40,
            },
            Object {
              "marginLeft": 3,
            },
            Object {
              "fontFamily": "Ionicons",
              "fontStyle": "normal",
              "fontWeight": "normal",
            },
            Object {},
          ]
        }
      >
        
      </Text>
    </View>
  </View>
  <RCTSafeAreaView
    pointerEvents="box-none"
    style={
      Object {
        "bottom": 0,
        "left": 0,
        "position": "absolute",
        "right": 0,
        "top": 0,
      }
    }
  >
    <View
      collapsable={false}
      onLayout={[Function]}
      pointerEvents="box-none"
      style={
        Object {
          "flex": 1,
        }
      }
    />
  </RCTSafeAreaView>
</View>
`;
