// Jest Snapshot v1, https://goo.gl/fbAQLP

exports[`Test in <CredentialsForm /> component should to match snapshot 1`] = `
<View
  style={
    Object {
      "paddingVertical": 30,
    }
  }
>
  <View
    style={
      Object {
        "alignItems": "center",
        "justifyContent": "flex-start",
        "paddingBottom": 30,
      }
    }
  >
    <View
      style={
        Object {
          "display": "flex",
          "padding": 10,
          "width": 675,
        }
      }
    >
      <Text
        style={
          Array [
            Object {
              "color": "#FFFFFF",
              "fontSize": 18,
              "marginBottom": 5,
              "padding": 5,
            },
            undefined,
          ]
        }
        testID="form-field-label"
      >
        Correo:
      </Text>
      <View
        style={
          Object {
            "borderColor": "transparent",
            "borderRadius": 7,
            "borderWidth": 1,
          }
        }
      >
        <View
          style={
            Object {
              "borderColor": "#FFFFFF",
              "borderRadius": 5,
              "borderWidth": 0.5,
            }
          }
        >
          <View
            style={
              Array [
                Object {
                  "alignItems": "center",
                  "borderColor": "transparent",
                  "borderRadius": 5,
                  "borderWidth": 1.5,
                  "flexDirection": "row",
                  "paddingRight": 10,
                },
                undefined,
              ]
            }
          >
            <TextInput
              autoCapitalize="none"
              autoCorrect={false}
              cursorColor="#C0A7E1"
              keyboardType="email-address"
              onBlur={[Function]}
              onChangeText={[Function]}
              onFocus={[Function]}
              onSelectionChange={[Function]}
              placeholder="Ingrese su correo"
              placeholderTextColor="#BFBFBF"
              selection={
                Object {
                  "end": 25,
                  "start": 25,
                }
              }
              selectionColor="#A0B9E2"
              style={
                Array [
                  Object {
                    "color": "#FFFFFF",
                    "flex": 1,
                    "fontSize": 17,
                    "paddingLeft": 10,
                    "paddingRight": 5,
                    "textAlignVertical": "center",
                  },
                  undefined,
                ]
              }
              testID="form-field-text-input"
              value="Ernestine_Doyle@yahoo.com"
            />
            <Text
              allowFontScaling={false}
              selectable={false}
              style={
                Array [
                  Object {
                    "color": "#BFBFBF",
                    "fontSize": 25,
                  },
                  undefined,
                  Object {
                    "fontFamily": "Ionicons",
                    "fontStyle": "normal",
                    "fontWeight": "normal",
                  },
                  Object {},
                ]
              }
            >
              
            </Text>
          </View>
        </View>
      </View>
    </View>
    <View
      accessibilityState={
        Object {
          "disabled": false,
        }
      }
      accessible={true}
      collapsable={false}
      focusable={true}
      onBlur={[Function]}
      onClick={[Function]}
      onFocus={[Function]}
      onResponderGrant={[Function]}
      onResponderMove={[Function]}
      onResponderRelease={[Function]}
      onResponderTerminate={[Function]}
      onResponderTerminationRequest={[Function]}
      onStartShouldSetResponder={[Function]}
      style={
        Array [
          Object {
            "overflow": "hidden",
          },
          false,
          Array [
            Object {
              "backgroundColor": "#C0A7E1",
              "borderRadius": 10,
            },
            Object {
              "marginTop": 30,
              "paddingHorizontal": 20,
            },
          ],
        ]
      }
      testID="button-touchable"
    >
      <View
        style={
          Array [
            Object {
              "alignItems": "center",
              "flexDirection": "row",
              "justifyContent": "center",
              "paddingHorizontal": 20,
              "paddingVertical": 8,
            },
            undefined,
          ]
        }
      >
        <Text
          style={
            Array [
              Object {
                "textAlign": "left",
              },
              Object {
                "color": "rgba(28, 27, 31, 1)",
                "fontFamily": "System",
                "fontWeight": "400",
                "letterSpacing": 0,
              },
              Object {
                "writingDirection": "ltr",
              },
              Array [
                Object {
                  "color": "#121212",
                  "fontSize": 18,
                  "fontWeight": "bold",
                  "marginBottom": 2,
                  "textAlign": "center",
                },
                undefined,
              ],
            ]
          }
          testID="button-text"
        >
          Cambiar correo
        </Text>
      </View>
    </View>
  </View>
  <View
    style={
      Object {
        "alignItems": "center",
        "justifyContent": "flex-start",
        "paddingBottom": 30,
      }
    }
  >
    <View
      style={
        Object {
          "display": "flex",
          "padding": 10,
          "width": 675,
        }
      }
    >
      <Text
        style={
          Array [
            Object {
              "color": "#FFFFFF",
              "fontSize": 18,
              "marginBottom": 5,
              "padding": 5,
            },
            undefined,
          ]
        }
        testID="form-field-label"
      >
        Nueva contraseña:
      </Text>
      <View
        style={
          Object {
            "borderColor": "transparent",
            "borderRadius": 7,
            "borderWidth": 1,
          }
        }
      >
        <View
          style={
            Object {
              "borderColor": "#FFFFFF",
              "borderRadius": 5,
              "borderWidth": 0.5,
            }
          }
        >
          <View
            style={
              Array [
                Object {
                  "alignItems": "center",
                  "borderColor": "transparent",
                  "borderRadius": 5,
                  "borderWidth": 1.5,
                  "flexDirection": "row",
                  "paddingRight": 10,
                },
                undefined,
              ]
            }
          >
            <TextInput
              autoCapitalize="none"
              autoCorrect={false}
              cursorColor="#C0A7E1"
              onBlur={[Function]}
              onChangeText={[Function]}
              onFocus={[Function]}
              onSelectionChange={[Function]}
              placeholder="Ingrese su contraseña"
              placeholderTextColor="#BFBFBF"
              secureTextEntry={true}
              selection={
                Object {
                  "end": 0,
                  "start": 0,
                }
              }
              selectionColor="#A0B9E2"
              style={
                Array [
                  Object {
                    "color": "#FFFFFF",
                    "flex": 1,
                    "fontSize": 17,
                    "paddingLeft": 10,
                    "paddingRight": 5,
                    "textAlignVertical": "center",
                  },
                  undefined,
                ]
              }
              testID="form-field-text-input"
              value=""
            />
            <View
              accessible={true}
              collapsable={false}
              focusable={true}
              onClick={[Function]}
              onResponderGrant={[Function]}
              onResponderMove={[Function]}
              onResponderRelease={[Function]}
              onResponderTerminate={[Function]}
              onResponderTerminationRequest={[Function]}
              onStartShouldSetResponder={[Function]}
              style={
                Object {
                  "opacity": 1,
                }
              }
              testID="eye-btn-touchable"
            >
              <Text
                allowFontScaling={false}
                selectable={false}
                style={
                  Array [
                    Object {
                      "color": "#BFBFBF",
                      "fontSize": 25,
                    },
                    undefined,
                    Object {
                      "fontFamily": "Ionicons",
                      "fontStyle": "normal",
                      "fontWeight": "normal",
                    },
                    Object {},
                  ]
                }
              >
                
              </Text>
            </View>
          </View>
        </View>
      </View>
    </View>
    <View
      style={
        Object {
          "display": "flex",
          "padding": 10,
          "width": 675,
        }
      }
    >
      <Text
        style={
          Array [
            Object {
              "color": "#FFFFFF",
              "fontSize": 18,
              "marginBottom": 5,
              "padding": 5,
            },
            undefined,
          ]
        }
        testID="form-field-label"
      >
        Confirmar contraseña:
      </Text>
      <View
        style={
          Object {
            "borderColor": "transparent",
            "borderRadius": 7,
            "borderWidth": 1,
          }
        }
      >
        <View
          style={
            Object {
              "borderColor": "#FFFFFF",
              "borderRadius": 5,
              "borderWidth": 0.5,
            }
          }
        >
          <View
            style={
              Array [
                Object {
                  "alignItems": "center",
                  "borderColor": "transparent",
                  "borderRadius": 5,
                  "borderWidth": 1.5,
                  "flexDirection": "row",
                  "paddingRight": 10,
                },
                undefined,
              ]
            }
          >
            <TextInput
              autoCapitalize="none"
              autoCorrect={false}
              cursorColor="#C0A7E1"
              onBlur={[Function]}
              onChangeText={[Function]}
              onFocus={[Function]}
              onSelectionChange={[Function]}
              placeholder="Confirme su contraseña"
              placeholderTextColor="#BFBFBF"
              secureTextEntry={true}
              selection={
                Object {
                  "end": 0,
                  "start": 0,
                }
              }
              selectionColor="#A0B9E2"
              style={
                Array [
                  Object {
                    "color": "#FFFFFF",
                    "flex": 1,
                    "fontSize": 17,
                    "paddingLeft": 10,
                    "paddingRight": 5,
                    "textAlignVertical": "center",
                  },
                  undefined,
                ]
              }
              testID="form-field-text-input"
              value=""
            />
            <View
              accessible={true}
              collapsable={false}
              focusable={true}
              onClick={[Function]}
              onResponderGrant={[Function]}
              onResponderMove={[Function]}
              onResponderRelease={[Function]}
              onResponderTerminate={[Function]}
              onResponderTerminationRequest={[Function]}
              onStartShouldSetResponder={[Function]}
              style={
                Object {
                  "opacity": 1,
                }
              }
              testID="eye-btn-touchable"
            >
              <Text
                allowFontScaling={false}
                selectable={false}
                style={
                  Array [
                    Object {
                      "color": "#BFBFBF",
                      "fontSize": 25,
                    },
                    undefined,
                    Object {
                      "fontFamily": "Ionicons",
                      "fontStyle": "normal",
                      "fontWeight": "normal",
                    },
                    Object {},
                  ]
                }
              >
                
              </Text>
            </View>
          </View>
        </View>
      </View>
    </View>
    <View
      accessibilityState={
        Object {
          "disabled": false,
        }
      }
      accessible={true}
      collapsable={false}
      focusable={true}
      onBlur={[Function]}
      onClick={[Function]}
      onFocus={[Function]}
      onResponderGrant={[Function]}
      onResponderMove={[Function]}
      onResponderRelease={[Function]}
      onResponderTerminate={[Function]}
      onResponderTerminationRequest={[Function]}
      onStartShouldSetResponder={[Function]}
      style={
        Array [
          Object {
            "overflow": "hidden",
          },
          false,
          Array [
            Object {
              "backgroundColor": "#C0A7E1",
              "borderRadius": 10,
            },
            Object {
              "marginTop": 30,
              "paddingHorizontal": 20,
            },
          ],
        ]
      }
      testID="button-touchable"
    >
      <View
        style={
          Array [
            Object {
              "alignItems": "center",
              "flexDirection": "row",
              "justifyContent": "center",
              "paddingHorizontal": 20,
              "paddingVertical": 8,
            },
            undefined,
          ]
        }
      >
        <Text
          style={
            Array [
              Object {
                "textAlign": "left",
              },
              Object {
                "color": "rgba(28, 27, 31, 1)",
                "fontFamily": "System",
                "fontWeight": "400",
                "letterSpacing": 0,
              },
              Object {
                "writingDirection": "ltr",
              },
              Array [
                Object {
                  "color": "#121212",
                  "fontSize": 18,
                  "fontWeight": "bold",
                  "marginBottom": 2,
                  "textAlign": "center",
                },
                undefined,
              ],
            ]
          }
          testID="button-text"
        >
          Cambiar contraseña
        </Text>
      </View>
    </View>
  </View>
</View>
`;
