// Jest Snapshot v1, https://goo.gl/fbAQLP

exports[`Test in <ProfileForm /> component should to match snapshot 1`] = `
<View
  style={
    {
      "alignItems": "center",
      "flex": 1,
      "justifyContent": "flex-start",
      "width": "100%",
    }
  }
>
  <View
    style={
      {
        "display": "flex",
        "marginBottom": 16,
        "width": "100%",
      }
    }
  >
    <Text
      style={
        [
          {
            "color": "#FFFFFF",
            "fontSize": 18,
            "marginBottom": 16,
          },
          undefined,
        ]
      }
      testID="form-field-label"
    >
      Nombre:
    </Text>
    <View
      style={
        {
          "borderColor": "transparent",
          "borderRadius": 7,
          "borderWidth": 1,
        }
      }
    >
      <View
        style={
          {
            "borderColor": "#FFFFFF",
            "borderRadius": 5,
            "borderWidth": 0.5,
          }
        }
      >
        <View
          style={
            [
              {
                "alignItems": "center",
                "borderColor": "transparent",
                "borderRadius": 5,
                "borderWidth": 1.5,
                "flexDirection": "row",
                "paddingRight": 10,
              },
              undefined,
            ]
          }
        >
          <TextInput
            autoCapitalize="none"
            autoCorrect={false}
            cursorColor="#C0A7E1"
            onBlur={[Function]}
            onChangeText={[Function]}
            onFocus={[Function]}
            onSelectionChange={[Function]}
            placeholder="Ingrese su nombre"
            placeholderTextColor="#BFBFBF"
            selection={
              {
                "end": 9,
                "start": 9,
              }
            }
            selectionColor="#A0B9E2"
            style={
              [
                {
                  "color": "#FFFFFF",
                  "flex": 1,
                  "fontSize": 17,
                  "paddingLeft": 10,
                  "paddingRight": 5,
                  "textAlignVertical": "center",
                },
                undefined,
              ]
            }
            testID="form-field-text-input"
            value="Celestino"
          />
          <Text
            allowFontScaling={false}
            selectable={false}
            style={
              [
                {
                  "color": "#BFBFBF",
                  "fontSize": 25,
                },
                undefined,
                {
                  "fontFamily": "Ionicons",
                  "fontStyle": "normal",
                  "fontWeight": "normal",
                },
                {},
              ]
            }
          >
            
          </Text>
        </View>
      </View>
    </View>
  </View>
  <View
    style={
      {
        "display": "flex",
        "marginBottom": 16,
        "width": "100%",
      }
    }
  >
    <Text
      style={
        [
          {
            "color": "#FFFFFF",
            "fontSize": 18,
            "marginBottom": 16,
          },
          undefined,
        ]
      }
      testID="form-field-label"
    >
      Apellidos:
    </Text>
    <View
      style={
        {
          "borderColor": "transparent",
          "borderRadius": 7,
          "borderWidth": 1,
        }
      }
    >
      <View
        style={
          {
            "borderColor": "#FFFFFF",
            "borderRadius": 5,
            "borderWidth": 0.5,
          }
        }
      >
        <View
          style={
            [
              {
                "alignItems": "center",
                "borderColor": "transparent",
                "borderRadius": 5,
                "borderWidth": 1.5,
                "flexDirection": "row",
                "paddingRight": 10,
              },
              undefined,
            ]
          }
        >
          <TextInput
            autoCapitalize="none"
            autoCorrect={false}
            cursorColor="#C0A7E1"
            onBlur={[Function]}
            onChangeText={[Function]}
            onFocus={[Function]}
            onSelectionChange={[Function]}
            placeholder="Ingrese su apellido"
            placeholderTextColor="#BFBFBF"
            selection={
              {
                "end": 9,
                "start": 9,
              }
            }
            selectionColor="#A0B9E2"
            style={
              [
                {
                  "color": "#FFFFFF",
                  "flex": 1,
                  "fontSize": 17,
                  "paddingLeft": 10,
                  "paddingRight": 5,
                  "textAlignVertical": "center",
                },
                undefined,
              ]
            }
            testID="form-field-text-input"
            value="Wilderman"
          />
          <Text
            allowFontScaling={false}
            selectable={false}
            style={
              [
                {
                  "color": "#BFBFBF",
                  "fontSize": 25,
                },
                undefined,
                {
                  "fontFamily": "Ionicons",
                  "fontStyle": "normal",
                  "fontWeight": "normal",
                },
                {},
              ]
            }
          >
            
          </Text>
        </View>
      </View>
    </View>
  </View>
  <View
    style={
      {
        "display": "flex",
        "marginBottom": 16,
        "width": 675,
      }
    }
  >
    <Text
      style={
        [
          {
            "color": "#FFFFFF",
            "fontSize": 18,
            "marginBottom": 16,
          },
          undefined,
        ]
      }
      testID="form-select-label"
    >
      Precursor:
    </Text>
    <View
      style={
        {
          "borderColor": "transparent",
          "borderRadius": 7,
          "borderWidth": 1,
        }
      }
    >
      <View
        style={
          {
            "borderColor": "#FFFFFF",
            "borderRadius": 5,
            "borderWidth": 0.5,
          }
        }
      >
        <View
          style={
            [
              {
                "alignItems": "center",
                "borderColor": "transparent",
                "borderRadius": 5,
                "borderWidth": 1.5,
                "flexDirection": "row",
                "paddingRight": 0,
              },
              undefined,
            ]
          }
        >
          <View
            accessibilityValue={
              {
                "max": undefined,
                "min": undefined,
                "now": undefined,
                "text": undefined,
              }
            }
            accessible={true}
            focusable={true}
            onClick={[Function]}
            onResponderGrant={[Function]}
            onResponderMove={[Function]}
            onResponderRelease={[Function]}
            onResponderTerminate={[Function]}
            onResponderTerminationRequest={[Function]}
            onStartShouldSetResponder={[Function]}
            style={
              {
                "borderRadius": 5,
                "flex": 1,
              }
            }
            testID="form-select-touchable"
          >
            <View
              style={
                [
                  {
                    "alignItems": "center",
                    "flexDirection": "row",
                    "padding": 10,
                  },
                  undefined,
                ]
              }
            >
              <Text
                style={
                  [
                    {
                      "color": "#FFFFFF",
                      "flex": 1,
                      "fontSize": 17,
                    },
                    undefined,
                  ]
                }
                testID="form-select-text-value"
              >
                Ninguno
              </Text>
              <Text
                allowFontScaling={false}
                selectable={false}
                style={
                  [
                    {
                      "color": "#BFBFBF",
                      "fontSize": 25,
                    },
                    undefined,
                    {
                      "fontFamily": "Ionicons",
                      "fontStyle": "normal",
                      "fontWeight": "normal",
                    },
                    {},
                  ]
                }
              >
                
              </Text>
            </View>
          </View>
        </View>
      </View>
    </View>
  </View>
  <Modal
    animationType="fade"
    hardwareAccelerated={false}
    statusBarTranslucent={true}
    transparent={true}
    visible={false}
  />
  <View
    style={
      {
        "flex": 1,
      }
    }
  />
  <View
    accessibilityState={
      {
        "busy": undefined,
        "checked": undefined,
        "disabled": false,
        "expanded": undefined,
        "selected": undefined,
      }
    }
    accessibilityValue={
      {
        "max": undefined,
        "min": undefined,
        "now": undefined,
        "text": undefined,
      }
    }
    accessible={true}
    collapsable={false}
    focusable={true}
    onBlur={[Function]}
    onClick={[Function]}
    onFocus={[Function]}
    onResponderGrant={[Function]}
    onResponderMove={[Function]}
    onResponderRelease={[Function]}
    onResponderTerminate={[Function]}
    onResponderTerminationRequest={[Function]}
    onStartShouldSetResponder={[Function]}
    style={
      [
        {
          "overflow": "hidden",
        },
        false,
        [
          {
            "backgroundColor": "#C0A7E1",
            "borderRadius": 10,
          },
          {
            "marginVertical": 30,
          },
        ],
      ]
    }
    testID="button-touchable"
  >
    <View
      style={
        [
          {
            "alignItems": "center",
            "flexDirection": "row",
            "justifyContent": "center",
            "minWidth": "100%",
            "paddingHorizontal": 20,
            "paddingVertical": 9,
          },
          undefined,
        ]
      }
    >
      <Text
        style={
          [
            {
              "textAlign": "left",
            },
            {
              "color": "rgba(28, 27, 31, 1)",
              "fontFamily": "System",
              "fontWeight": "400",
              "letterSpacing": 0,
            },
            {
              "writingDirection": "ltr",
            },
            [
              {
                "color": "#121212",
                "fontSize": 18,
                "fontWeight": "bold",
                "marginBottom": 2,
                "textAlign": "center",
              },
              undefined,
            ],
          ]
        }
        testID="button-text"
      >
        Guardar
      </Text>
    </View>
  </View>
</View>
`;
