// Jest Snapshot v1, https://goo.gl/fbAQLP

exports[`Test in <AddOrEditPreaching /> screen should to match snapshot 1`] = `
<View
  style={
    Object {
      "alignItems": "center",
      "flex": 1,
    }
  }
>
  <View
    style={
      Array [
        Object {
          "alignItems": "flex-start",
          "padding": 20,
          "width": "100%",
        },
        Object {
          "paddingBottom": 0,
          "paddingTop": 30,
        },
      ]
    }
  >
    <Text
      style={
        Array [
          Object {
            "color": "#FFFFFF",
            "fontSize": 38,
            "fontWeight": "bold",
          },
          Object {
            "fontSize": 24,
          },
        ]
      }
      testID="title-text"
    >
      Agregar día de predicación
    </Text>
  </View>
  <View
    style={
      Object {
        "alignItems": "center",
        "flex": 1,
        "justifyContent": "center",
        "paddingBottom": 40,
        "paddingTop": 30,
      }
    }
  >
    <View
      style={
        Object {
          "display": "flex",
          "padding": 10,
          "width": 675,
        }
      }
    >
      <Text
        style={
          Array [
            Object {
              "color": "#FFFFFF",
              "fontSize": 18,
              "marginBottom": 5,
              "padding": 5,
            },
            undefined,
          ]
        }
        testID="datetimefield-label"
      >
        Día de predicación:
      </Text>
      <View
        style={
          Object {
            "alignItems": "center",
            "flexDirection": "row",
            "width": "100%",
          }
        }
      >
        <View
          style={
            Array [
              Object {
                "alignItems": "center",
                "borderColor": "#FFFFFF",
                "borderRadius": 5,
                "borderWidth": 0.5,
                "flex": 1,
                "flexDirection": "row",
              },
              undefined,
            ]
          }
        >
          <TextInput
            autoCorrect={false}
            editable={false}
            modalTitle="Día de predicación"
            placeholder="Seleccione el día"
            placeholderTextColor="#BFBFBF"
            selectionColor="#A0B9E2"
            style={
              Array [
                Object {
                  "color": "#FFFFFF",
                  "fontSize": 17,
                  "paddingLeft": 10,
                },
                undefined,
              ]
            }
            testID="datetimefield-text-input"
            value="29"
          />
        </View>
        <View
          accessibilityState={
            Object {
              "disabled": false,
            }
          }
          accessible={true}
          collapsable={false}
          focusable={true}
          onBlur={[Function]}
          onClick={[Function]}
          onFocus={[Function]}
          onResponderGrant={[Function]}
          onResponderMove={[Function]}
          onResponderRelease={[Function]}
          onResponderTerminate={[Function]}
          onResponderTerminationRequest={[Function]}
          onStartShouldSetResponder={[Function]}
          style={
            Array [
              Object {
                "overflow": "hidden",
              },
              false,
              Array [
                Object {
                  "backgroundColor": "#C0A7E1",
                  "borderRadius": 10,
                },
                Object {
                  "marginLeft": 10,
                },
              ],
            ]
          }
          testID="button-touchable"
        >
          <View
            style={
              Array [
                Object {
                  "alignItems": "center",
                  "flexDirection": "row",
                  "justifyContent": "center",
                  "paddingHorizontal": 20,
                  "paddingVertical": 8,
                },
                Object {
                  "paddingHorizontal": 10,
                },
              ]
            }
          >
            <Text
              style={
                Array [
                  Object {
                    "textAlign": "left",
                  },
                  Object {
                    "color": "rgba(28, 27, 31, 1)",
                    "fontFamily": "System",
                    "fontWeight": "400",
                    "letterSpacing": 0,
                  },
                  Object {
                    "writingDirection": "ltr",
                  },
                  Array [
                    Object {
                      "color": "#121212",
                      "fontSize": 18,
                      "fontWeight": "bold",
                      "marginBottom": 2,
                      "textAlign": "center",
                    },
                    undefined,
                  ],
                ]
              }
              testID="button-text"
            />
            <Text
              allowFontScaling={false}
              selectable={false}
              style={
                Array [
                  Object {
                    "color": "#121212",
                    "fontSize": 25,
                  },
                  undefined,
                  Object {
                    "fontFamily": "Ionicons",
                    "fontStyle": "normal",
                    "fontWeight": "normal",
                  },
                  Object {},
                ]
              }
            >
              
            </Text>
          </View>
        </View>
      </View>
      <Modal
        animationType="none"
        hardwareAccelerated={false}
        isVisible={false}
        onHide={[Function]}
        transparent={true}
        visible={false}
      />
    </View>
    <View
      style={
        Object {
          "display": "flex",
          "padding": 10,
          "width": 675,
        }
      }
    >
      <Text
        style={
          Array [
            Object {
              "color": "#FFFFFF",
              "fontSize": 18,
              "marginBottom": 5,
              "padding": 5,
            },
            undefined,
          ]
        }
        testID="form-field-label"
      >
        Publicaciones:
      </Text>
      <View
        style={
          Object {
            "borderColor": "transparent",
            "borderRadius": 7,
            "borderWidth": 1,
          }
        }
      >
        <View
          style={
            Object {
              "borderColor": "#FFFFFF",
              "borderRadius": 5,
              "borderWidth": 0.5,
            }
          }
        >
          <View
            style={
              Array [
                Object {
                  "alignItems": "center",
                  "borderColor": "transparent",
                  "borderRadius": 5,
                  "borderWidth": 1.5,
                  "flexDirection": "row",
                  "paddingRight": 10,
                },
                undefined,
              ]
            }
          >
            <TextInput
              autoCorrect={false}
              cursorColor="#C0A7E1"
              keyboardType="numeric"
              onBlur={[Function]}
              onChangeText={[Function]}
              onFocus={[Function]}
              onSelectionChange={[Function]}
              placeholder="Número de publicaciones"
              placeholderTextColor="#BFBFBF"
              selection={
                Object {
                  "end": 1,
                  "start": 1,
                }
              }
              selectionColor="#A0B9E2"
              style={
                Array [
                  Object {
                    "color": "#FFFFFF",
                    "flex": 1,
                    "fontSize": 17,
                    "paddingLeft": 10,
                    "paddingRight": 5,
                    "textAlignVertical": "center",
                  },
                  undefined,
                ]
              }
              testID="form-field-text-input"
              value="0"
            />
            <Text
              allowFontScaling={false}
              selectable={false}
              style={
                Array [
                  Object {
                    "color": "#BFBFBF",
                    "fontSize": 25,
                  },
                  undefined,
                  Object {
                    "fontFamily": "Ionicons",
                    "fontStyle": "normal",
                    "fontWeight": "normal",
                  },
                  Object {},
                ]
              }
            >
              
            </Text>
          </View>
        </View>
      </View>
    </View>
    <View
      style={
        Object {
          "display": "flex",
          "padding": 10,
          "width": 675,
        }
      }
    >
      <Text
        style={
          Array [
            Object {
              "color": "#FFFFFF",
              "fontSize": 18,
              "marginBottom": 5,
              "padding": 5,
            },
            undefined,
          ]
        }
        testID="form-field-label"
      >
        Videos:
      </Text>
      <View
        style={
          Object {
            "borderColor": "transparent",
            "borderRadius": 7,
            "borderWidth": 1,
          }
        }
      >
        <View
          style={
            Object {
              "borderColor": "#FFFFFF",
              "borderRadius": 5,
              "borderWidth": 0.5,
            }
          }
        >
          <View
            style={
              Array [
                Object {
                  "alignItems": "center",
                  "borderColor": "transparent",
                  "borderRadius": 5,
                  "borderWidth": 1.5,
                  "flexDirection": "row",
                  "paddingRight": 10,
                },
                undefined,
              ]
            }
          >
            <TextInput
              autoCorrect={false}
              cursorColor="#C0A7E1"
              keyboardType="numeric"
              onBlur={[Function]}
              onChangeText={[Function]}
              onFocus={[Function]}
              onSelectionChange={[Function]}
              placeholder="Número de videos"
              placeholderTextColor="#BFBFBF"
              selection={
                Object {
                  "end": 1,
                  "start": 1,
                }
              }
              selectionColor="#A0B9E2"
              style={
                Array [
                  Object {
                    "color": "#FFFFFF",
                    "flex": 1,
                    "fontSize": 17,
                    "paddingLeft": 10,
                    "paddingRight": 5,
                    "textAlignVertical": "center",
                  },
                  undefined,
                ]
              }
              testID="form-field-text-input"
              value="0"
            />
            <Text
              allowFontScaling={false}
              selectable={false}
              style={
                Array [
                  Object {
                    "color": "#BFBFBF",
                    "fontSize": 25,
                  },
                  undefined,
                  Object {
                    "fontFamily": "Ionicons",
                    "fontStyle": "normal",
                    "fontWeight": "normal",
                  },
                  Object {},
                ]
              }
            >
              
            </Text>
          </View>
        </View>
      </View>
    </View>
    <View
      style={
        Object {
          "display": "flex",
          "padding": 10,
          "width": 675,
        }
      }
    >
      <Text
        style={
          Array [
            Object {
              "color": "#FFFFFF",
              "fontSize": 18,
              "marginBottom": 5,
              "padding": 5,
            },
            undefined,
          ]
        }
        testID="form-field-label"
      >
        Revisitas:
      </Text>
      <View
        style={
          Object {
            "borderColor": "transparent",
            "borderRadius": 7,
            "borderWidth": 1,
          }
        }
      >
        <View
          style={
            Object {
              "borderColor": "#FFFFFF",
              "borderRadius": 5,
              "borderWidth": 0.5,
            }
          }
        >
          <View
            style={
              Array [
                Object {
                  "alignItems": "center",
                  "borderColor": "transparent",
                  "borderRadius": 5,
                  "borderWidth": 1.5,
                  "flexDirection": "row",
                  "paddingRight": 10,
                },
                undefined,
              ]
            }
          >
            <TextInput
              autoCorrect={false}
              cursorColor="#C0A7E1"
              keyboardType="numeric"
              onBlur={[Function]}
              onChangeText={[Function]}
              onFocus={[Function]}
              onSelectionChange={[Function]}
              placeholder="Número de revisitas"
              placeholderTextColor="#BFBFBF"
              selection={
                Object {
                  "end": 1,
                  "start": 1,
                }
              }
              selectionColor="#A0B9E2"
              style={
                Array [
                  Object {
                    "color": "#FFFFFF",
                    "flex": 1,
                    "fontSize": 17,
                    "paddingLeft": 10,
                    "paddingRight": 5,
                    "textAlignVertical": "center",
                  },
                  undefined,
                ]
              }
              testID="form-field-text-input"
              value="0"
            />
            <Text
              allowFontScaling={false}
              selectable={false}
              style={
                Array [
                  Object {
                    "color": "#BFBFBF",
                    "fontSize": 25,
                  },
                  undefined,
                  Object {
                    "fontFamily": "Ionicons",
                    "fontStyle": "normal",
                    "fontWeight": "normal",
                  },
                  Object {},
                ]
              }
            >
              
            </Text>
          </View>
        </View>
      </View>
    </View>
    <View
      style={
        Object {
          "display": "flex",
          "padding": 10,
          "width": 675,
        }
      }
    >
      <Text
        style={
          Array [
            Object {
              "color": "#FFFFFF",
              "fontSize": 18,
              "marginBottom": 5,
              "padding": 5,
            },
            undefined,
          ]
        }
        testID="datetimefield-label"
      >
        Hora de inicio:
      </Text>
      <View
        style={
          Object {
            "alignItems": "center",
            "flexDirection": "row",
            "width": "100%",
          }
        }
      >
        <View
          style={
            Array [
              Object {
                "alignItems": "center",
                "borderColor": "#FFFFFF",
                "borderRadius": 5,
                "borderWidth": 0.5,
                "flex": 1,
                "flexDirection": "row",
              },
              undefined,
            ]
          }
        >
          <TextInput
            autoCorrect={false}
            editable={false}
            modalTitle="Hora de inicio"
            placeholder="Seleccione la hora"
            placeholderTextColor="#BFBFBF"
            selectionColor="#A0B9E2"
            style={
              Array [
                Object {
                  "color": "#FFFFFF",
                  "fontSize": 17,
                  "paddingLeft": 10,
                },
                undefined,
              ]
            }
            testID="datetimefield-text-input"
            value="09:00"
          />
        </View>
        <View
          accessibilityState={
            Object {
              "disabled": false,
            }
          }
          accessible={true}
          collapsable={false}
          focusable={true}
          onBlur={[Function]}
          onClick={[Function]}
          onFocus={[Function]}
          onResponderGrant={[Function]}
          onResponderMove={[Function]}
          onResponderRelease={[Function]}
          onResponderTerminate={[Function]}
          onResponderTerminationRequest={[Function]}
          onStartShouldSetResponder={[Function]}
          style={
            Array [
              Object {
                "overflow": "hidden",
              },
              false,
              Array [
                Object {
                  "backgroundColor": "#C0A7E1",
                  "borderRadius": 10,
                },
                Object {
                  "marginLeft": 10,
                },
              ],
            ]
          }
          testID="button-touchable"
        >
          <View
            style={
              Array [
                Object {
                  "alignItems": "center",
                  "flexDirection": "row",
                  "justifyContent": "center",
                  "paddingHorizontal": 20,
                  "paddingVertical": 8,
                },
                Object {
                  "paddingHorizontal": 10,
                },
              ]
            }
          >
            <Text
              style={
                Array [
                  Object {
                    "textAlign": "left",
                  },
                  Object {
                    "color": "rgba(28, 27, 31, 1)",
                    "fontFamily": "System",
                    "fontWeight": "400",
                    "letterSpacing": 0,
                  },
                  Object {
                    "writingDirection": "ltr",
                  },
                  Array [
                    Object {
                      "color": "#121212",
                      "fontSize": 18,
                      "fontWeight": "bold",
                      "marginBottom": 2,
                      "textAlign": "center",
                    },
                    undefined,
                  ],
                ]
              }
              testID="button-text"
            />
            <Text
              allowFontScaling={false}
              selectable={false}
              style={
                Array [
                  Object {
                    "color": "#121212",
                    "fontSize": 25,
                  },
                  undefined,
                  Object {
                    "fontFamily": "Ionicons",
                    "fontStyle": "normal",
                    "fontWeight": "normal",
                  },
                  Object {},
                ]
              }
            >
              
            </Text>
          </View>
        </View>
      </View>
      <Modal
        animationType="none"
        hardwareAccelerated={false}
        isVisible={false}
        onHide={[Function]}
        transparent={true}
        visible={false}
      />
    </View>
    <View
      style={
        Object {
          "display": "flex",
          "padding": 10,
          "width": 675,
        }
      }
    >
      <Text
        style={
          Array [
            Object {
              "color": "#FFFFFF",
              "fontSize": 18,
              "marginBottom": 5,
              "padding": 5,
            },
            undefined,
          ]
        }
        testID="datetimefield-label"
      >
        Hora de fin:
      </Text>
      <View
        style={
          Object {
            "alignItems": "center",
            "flexDirection": "row",
            "width": "100%",
          }
        }
      >
        <View
          style={
            Array [
              Object {
                "alignItems": "center",
                "borderColor": "#FFFFFF",
                "borderRadius": 5,
                "borderWidth": 0.5,
                "flex": 1,
                "flexDirection": "row",
              },
              undefined,
            ]
          }
        >
          <TextInput
            autoCorrect={false}
            editable={false}
            modalTitle="Hora de fin"
            placeholder="Seleccione la hora"
            placeholderTextColor="#BFBFBF"
            selectionColor="#A0B9E2"
            style={
              Array [
                Object {
                  "color": "#FFFFFF",
                  "fontSize": 17,
                  "paddingLeft": 10,
                },
                undefined,
              ]
            }
            testID="datetimefield-text-input"
            value="09:00"
          />
        </View>
        <View
          accessibilityState={
            Object {
              "disabled": false,
            }
          }
          accessible={true}
          collapsable={false}
          focusable={true}
          onBlur={[Function]}
          onClick={[Function]}
          onFocus={[Function]}
          onResponderGrant={[Function]}
          onResponderMove={[Function]}
          onResponderRelease={[Function]}
          onResponderTerminate={[Function]}
          onResponderTerminationRequest={[Function]}
          onStartShouldSetResponder={[Function]}
          style={
            Array [
              Object {
                "overflow": "hidden",
              },
              false,
              Array [
                Object {
                  "backgroundColor": "#C0A7E1",
                  "borderRadius": 10,
                },
                Object {
                  "marginLeft": 10,
                },
              ],
            ]
          }
          testID="button-touchable"
        >
          <View
            style={
              Array [
                Object {
                  "alignItems": "center",
                  "flexDirection": "row",
                  "justifyContent": "center",
                  "paddingHorizontal": 20,
                  "paddingVertical": 8,
                },
                Object {
                  "paddingHorizontal": 10,
                },
              ]
            }
          >
            <Text
              style={
                Array [
                  Object {
                    "textAlign": "left",
                  },
                  Object {
                    "color": "rgba(28, 27, 31, 1)",
                    "fontFamily": "System",
                    "fontWeight": "400",
                    "letterSpacing": 0,
                  },
                  Object {
                    "writingDirection": "ltr",
                  },
                  Array [
                    Object {
                      "color": "#121212",
                      "fontSize": 18,
                      "fontWeight": "bold",
                      "marginBottom": 2,
                      "textAlign": "center",
                    },
                    undefined,
                  ],
                ]
              }
              testID="button-text"
            />
            <Text
              allowFontScaling={false}
              selectable={false}
              style={
                Array [
                  Object {
                    "color": "#121212",
                    "fontSize": 25,
                  },
                  undefined,
                  Object {
                    "fontFamily": "Ionicons",
                    "fontStyle": "normal",
                    "fontWeight": "normal",
                  },
                  Object {},
                ]
              }
            >
              
            </Text>
          </View>
        </View>
      </View>
      <Modal
        animationType="none"
        hardwareAccelerated={false}
        isVisible={false}
        onHide={[Function]}
        transparent={true}
        visible={false}
      />
    </View>
    <View
      accessibilityState={
        Object {
          "disabled": false,
        }
      }
      accessible={true}
      collapsable={false}
      focusable={true}
      onBlur={[Function]}
      onClick={[Function]}
      onFocus={[Function]}
      onResponderGrant={[Function]}
      onResponderMove={[Function]}
      onResponderRelease={[Function]}
      onResponderTerminate={[Function]}
      onResponderTerminationRequest={[Function]}
      onStartShouldSetResponder={[Function]}
      style={
        Array [
          Object {
            "overflow": "hidden",
          },
          false,
          Array [
            Object {
              "backgroundColor": "#C0A7E1",
              "borderRadius": 10,
            },
            Object {
              "marginTop": 30,
            },
          ],
        ]
      }
      testID="button-touchable"
    >
      <View
        style={
          Array [
            Object {
              "alignItems": "center",
              "flexDirection": "row",
              "justifyContent": "center",
              "paddingHorizontal": 20,
              "paddingVertical": 8,
            },
            undefined,
          ]
        }
      >
        <Text
          style={
            Array [
              Object {
                "textAlign": "left",
              },
              Object {
                "color": "rgba(28, 27, 31, 1)",
                "fontFamily": "System",
                "fontWeight": "400",
                "letterSpacing": 0,
              },
              Object {
                "writingDirection": "ltr",
              },
              Array [
                Object {
                  "color": "#121212",
                  "fontSize": 18,
                  "fontWeight": "bold",
                  "marginBottom": 2,
                  "textAlign": "center",
                },
                undefined,
              ],
            ]
          }
          testID="button-text"
        >
          Guardar
        </Text>
      </View>
    </View>
  </View>
</View>
`;
