// Jest Snapshot v1, https://goo.gl/fbAQLP

exports[`Test in <BackButton /> component should to match snapshot 1`] = `
<View
  accessibilityState={
    {
      "busy": undefined,
      "checked": undefined,
      "disabled": false,
      "expanded": undefined,
      "selected": undefined,
    }
  }
  accessibilityValue={
    {
      "max": undefined,
      "min": undefined,
      "now": undefined,
      "text": undefined,
    }
  }
  accessible={true}
  collapsable={false}
  focusable={true}
  onBlur={[Function]}
  onClick={[Function]}
  onFocus={[Function]}
  onResponderGrant={[Function]}
  onResponderMove={[Function]}
  onResponderRelease={[Function]}
  onResponderTerminate={[Function]}
  onResponderTerminationRequest={[Function]}
  onStartShouldSetResponder={[Function]}
  style={
    [
      {
        "overflow": "hidden",
      },
      [
        {
          "alignItems": "center",
          "backgroundColor": "transparent",
          "borderRadius": 50,
          "height": 48,
          "justifyContent": "center",
          "margin": 5,
          "width": 48,
        },
        undefined,
      ],
    ]
  }
  testID="fab-touchable"
>
  <Text
    allowFontScaling={false}
    selectable={false}
    style={
      [
        {
          "color": "#C0A7E1",
          "fontSize": 28,
        },
        {
          "marginLeft": 1,
        },
        {
          "fontFamily": "Ionicons",
          "fontStyle": "normal",
          "fontWeight": "normal",
        },
        {},
      ]
    }
  >
    î¨¬
  </Text>
</View>
`;
