// Jest Snapshot v1, https://goo.gl/fbAQLP

exports[`Test in <Button /> component should to match snapshot 1`] = `
<View
  accessibilityState={
    Object {
      "disabled": false,
    }
  }
  accessible={true}
  collapsable={false}
  focusable={true}
  onBlur={[Function]}
  onClick={[Function]}
  onFocus={[Function]}
  onResponderGrant={[Function]}
  onResponderMove={[Function]}
  onResponderRelease={[Function]}
  onResponderTerminate={[Function]}
  onResponderTerminationRequest={[Function]}
  onStartShouldSetResponder={[Function]}
  style={
    Array [
      Object {
        "overflow": "hidden",
      },
      false,
      Array [
        Object {
          "backgroundColor": "#C0A7E1",
          "borderRadius": 10,
        },
        undefined,
      ],
    ]
  }
  testID="button-touchable"
>
  <View
    style={
      Array [
        Object {
          "alignItems": "center",
          "flexDirection": "row",
          "justifyContent": "center",
          "paddingHorizontal": 20,
          "paddingVertical": 8,
        },
        undefined,
      ]
    }
  >
    <Text
      style={
        Array [
          Object {
            "textAlign": "left",
          },
          Object {
            "color": "rgba(28, 27, 31, 1)",
            "fontFamily": "System",
            "fontWeight": "400",
            "letterSpacing": 0,
          },
          Object {
            "writingDirection": "ltr",
          },
          Array [
            Object {
              "color": "#121212",
              "fontSize": 18,
              "fontWeight": "bold",
              "marginBottom": 2,
              "textAlign": "center",
            },
            undefined,
          ],
        ]
      }
      testID="button-text"
    >
      Test text
    </Text>
    <Text
      allowFontScaling={false}
      selectable={false}
      style={
        Array [
          Object {
            "color": undefined,
            "fontSize": 20,
          },
          undefined,
          Object {
            "fontFamily": "Ionicons",
            "fontStyle": "normal",
            "fontWeight": "normal",
          },
          Object {},
        ]
      }
      testID="button-icon"
    >
      ï‹§
    </Text>
  </View>
</View>
`;
