// Jest Snapshot v1, https://goo.gl/fbAQLP

exports[`Test in <RadioBtn /> component should to match snapshot 1`] = `
<View
  style={
    [
      {
        "alignItems": "center",
        "flexDirection": "row",
        "marginBottom": 40,
        "width": "100%",
      },
      undefined,
    ]
  }
>
  <View
    accessibilityLiveRegion="polite"
    accessibilityRole="checkbox"
    accessibilityState={
      {
        "busy": undefined,
        "checked": true,
        "disabled": false,
        "expanded": undefined,
        "selected": undefined,
      }
    }
    accessibilityValue={
      {
        "max": undefined,
        "min": undefined,
        "now": undefined,
        "text": undefined,
      }
    }
    accessible={true}
    collapsable={false}
    color="#C0A7E1"
    focusable={true}
    onBlur={[Function]}
    onClick={[Function]}
    onFocus={[Function]}
    onResponderGrant={[Function]}
    onResponderMove={[Function]}
    onResponderRelease={[Function]}
    onResponderTerminate={[Function]}
    onResponderTerminationRequest={[Function]}
    onStartShouldSetResponder={[Function]}
    style={
      [
        {
          "overflow": "hidden",
        },
        false,
        {
          "borderRadius": 18,
          "padding": 6,
        },
      ]
    }
    testID="checkbox-checkbox"
    uncheckedColor="#FFFFFF"
  >
    <View
      style={
        {
          "opacity": 1,
        }
      }
    >
      <Text
        accessibilityElementsHidden={true}
        allowFontScaling={false}
        importantForAccessibility="no-hide-descendants"
        pointerEvents="none"
        selectable={false}
        style={
          [
            {
              "color": "#C0A7E1",
              "fontSize": 24,
            },
            [
              {
                "lineHeight": 24,
                "transform": [
                  {
                    "scaleX": 1,
                  },
                ],
              },
              {
                "backgroundColor": "transparent",
              },
            ],
            {
              "fontFamily": "Material Design Icons",
              "fontStyle": "normal",
              "fontWeight": "normal",
            },
            {},
          ]
        }
      >
        ó°„¬
      </Text>
    </View>
  </View>
  <Text
    style={
      [
        {
          "textAlign": "left",
        },
        {
          "color": "rgba(28, 27, 31, 1)",
          "fontFamily": "System",
          "fontWeight": "400",
          "letterSpacing": 0,
        },
        {
          "writingDirection": "ltr",
        },
        [
          {
            "color": "#FFFFFF",
            "fontSize": 18,
            "paddingLeft": 8,
            "textAlign": "left",
          },
          undefined,
        ],
      ]
    }
    testID="checkbox-text"
  >
    Label test
  </Text>
</View>
`;
