// Jest Snapshot v1, https://goo.gl/fbAQLP

exports[`Test in <Fab /> component should to match snapshot 1`] = `
<View
  accessibilityState={
    {
      "busy": undefined,
      "checked": undefined,
      "disabled": false,
      "expanded": undefined,
      "selected": undefined,
    }
  }
  accessibilityValue={
    {
      "max": undefined,
      "min": undefined,
      "now": undefined,
      "text": undefined,
    }
  }
  accessible={true}
  collapsable={false}
  focusable={true}
  onBlur={[Function]}
  onClick={[Function]}
  onFocus={[Function]}
  onResponderGrant={[Function]}
  onResponderMove={[Function]}
  onResponderRelease={[Function]}
  onResponderTerminate={[Function]}
  onResponderTerminationRequest={[Function]}
  onStartShouldSetResponder={[Function]}
  style={
    [
      {
        "overflow": "hidden",
      },
      false,
      [
        {
          "alignItems": "center",
          "backgroundColor": "#C0A7E1",
          "borderRadius": 50,
          "height": 42,
          "justifyContent": "center",
          "margin": 5,
          "width": 42,
        },
        undefined,
      ],
    ]
  }
  testID="fab-touchable"
>
  <Text
    allowFontScaling={false}
    selectable={false}
    style={
      [
        {
          "color": undefined,
          "fontSize": 40,
        },
        undefined,
        {
          "fontFamily": "Ionicons",
          "fontStyle": "normal",
          "fontWeight": "normal",
        },
        {},
      ]
    }
    testID="fab-icon"
  >
    ï‹§
  </Text>
</View>
`;
