// Jest Snapshot v1, https://goo.gl/fbAQLP

exports[`Test in <FormField /> component should to match snapshot 1`] = `
<View
  style={
    {
      "display": "flex",
      "padding": 10,
      "width": 675,
    }
  }
>
  <Text
    style={
      [
        {
          "color": "#FFFFFF",
          "fontSize": 18,
          "marginBottom": 5,
          "padding": 5,
        },
        undefined,
      ]
    }
    testID="form-field-label"
  >
    Nombre:
  </Text>
  <View
    style={
      {
        "borderColor": "transparent",
        "borderRadius": 7,
        "borderWidth": 1,
      }
    }
  >
    <View
      style={
        {
          "borderColor": "#FFFFFF",
          "borderRadius": 5,
          "borderWidth": 0.5,
        }
      }
    >
      <View
        style={
          [
            {
              "alignItems": "center",
              "borderColor": "transparent",
              "borderRadius": 5,
              "borderWidth": 1.5,
              "flexDirection": "row",
              "paddingRight": 10,
            },
            undefined,
          ]
        }
      >
        <TextInput
          autoCapitalize="none"
          autoCorrect={false}
          cursorColor="#C0A7E1"
          onBlur={[Function]}
          onChangeText={[Function]}
          onFocus={[Function]}
          onSelectionChange={[Function]}
          placeholder="Ingrese su nombre"
          placeholderTextColor="#BFBFBF"
          selection={
            {
              "end": 0,
              "start": 0,
            }
          }
          selectionColor="#A0B9E2"
          style={
            [
              {
                "color": "#FFFFFF",
                "flex": 1,
                "fontSize": 17,
                "paddingLeft": 10,
                "paddingRight": 5,
                "textAlignVertical": "center",
              },
              undefined,
            ]
          }
          testID="form-field-text-input"
          value=""
        />
        <Text
          allowFontScaling={false}
          selectable={false}
          style={
            [
              {
                "color": "#BFBFBF",
                "fontSize": 25,
              },
              undefined,
              {
                "fontFamily": "Ionicons",
                "fontStyle": "normal",
                "fontWeight": "normal",
              },
              {},
            ]
          }
          testID="form-field-icon"
        >
          ï‘˜
        </Text>
      </View>
    </View>
  </View>
</View>
`;
