// Jest Snapshot v1, https://goo.gl/fbAQLP

exports[`Test in <ListFooterComponent /> component should to match snapshot 1`] = `
<ActivityIndicator
  color="#C0A7E1"
  size="large"
  style={
    {
      "marginTop": 133.4,
    }
  }
  testID="loader"
/>
`;
