// Jest Snapshot v1, https://goo.gl/fbAQLP

exports[`Test in <RadioBtn /> component should to match snapshot 1`] = `
<View
  style={
    {
      "alignItems": "center",
      "flexDirection": "row",
      "marginBottom": 5,
    }
  }
  testID="radio-btn-container"
>
  <View
    accessibilityLiveRegion="polite"
    accessibilityRole="radio"
    accessibilityState={
      {
        "busy": undefined,
        "checked": false,
        "disabled": false,
        "expanded": undefined,
        "selected": undefined,
      }
    }
    accessibilityValue={
      {
        "max": undefined,
        "min": undefined,
        "now": undefined,
        "text": undefined,
      }
    }
    accessible={true}
    collapsable={false}
    color="#C0A7E1"
    focusable={true}
    onBlur={[Function]}
    onClick={[Function]}
    onFocus={[Function]}
    onResponderGrant={[Function]}
    onResponderMove={[Function]}
    onResponderRelease={[Function]}
    onResponderTerminate={[Function]}
    onResponderTerminationRequest={[Function]}
    onStartShouldSetResponder={[Function]}
    style={
      [
        {
          "overflow": "hidden",
        },
        {
          "borderRadius": 18,
          "padding": 6,
        },
      ]
    }
    uncheckedColor="#BFBFBF"
  >
    <View
      style={
        {
          "opacity": 0,
        }
      }
    >
      <Text
        accessibilityElementsHidden={true}
        allowFontScaling={false}
        importantForAccessibility="no-hide-descendants"
        pointerEvents="none"
        selectable={false}
        style={
          [
            {
              "color": "#C0A7E1",
              "fontSize": 24,
            },
            [
              {
                "lineHeight": 24,
                "transform": [
                  {
                    "scaleX": 1,
                  },
                ],
              },
              {
                "backgroundColor": "transparent",
              },
            ],
            {
              "fontFamily": "Material Design Icons",
              "fontStyle": "normal",
              "fontWeight": "normal",
            },
            {},
          ]
        }
      >
        ó°„¬
      </Text>
    </View>
  </View>
  <Text
    onPress={[MockFunction]}
    style={
      {
        "color": "#FFFFFF",
        "fontSize": 18,
        "marginLeft": 8,
      }
    }
    testID="radio-btn-text"
  >
    Label test
  </Text>
</View>
`;
