// Jest Snapshot v1, https://goo.gl/fbAQLP

exports[`Test in <SectionBtn /> component should to match the snapshot 1`] = `
<View
  accessibilityState={
    {
      "busy": undefined,
      "checked": undefined,
      "disabled": false,
      "expanded": undefined,
      "selected": undefined,
    }
  }
  accessibilityValue={
    {
      "max": undefined,
      "min": undefined,
      "now": undefined,
      "text": undefined,
    }
  }
  accessible={true}
  centered={true}
  collapsable={false}
  focusable={true}
  onBlur={[Function]}
  onClick={[Function]}
  onFocus={[Function]}
  onResponderGrant={[Function]}
  onResponderMove={[Function]}
  onResponderRelease={[Function]}
  onResponderTerminate={[Function]}
  onResponderTerminationRequest={[Function]}
  onStartShouldSetResponder={[Function]}
  style={
    [
      {
        "overflow": "hidden",
      },
      {
        "padding": 16,
      },
    ]
  }
  testID="section-btn-touchable"
>
  <View>
    <Text
      style={
        {
          "color": "#FFFFFF",
          "fontSize": 16,
        }
      }
      testID="section-btn-text"
    >
      Section text test
    </Text>
    <Text
      style={
        {
          "color": "#BFBFBF",
          "fontSize": 14,
        }
      }
      testID="section-btn-sub-text"
    >
      Section sub text test
    </Text>
  </View>
</View>
`;
