// Jest Snapshot v1, https://goo.gl/fbAQLP

exports[`Test in <Modal /> screen should to match snapshot 1`] = `
<Modal
  animationType="fade"
  hardwareAccelerated={false}
  statusBarTranslucent={true}
  transparent={true}
  visible={true}
>
  <View
    style={
      {
        "alignItems": "center",
        "backgroundColor": "rgba(0, 0, 0, 0.5)",
        "flex": 1,
        "justifyContent": "center",
        "zIndex": 999,
      }
    }
  >
    <View
      style={
        {
          "backgroundColor": "#FFF",
          "height": 200,
          "width": 300,
        }
      }
      testID="modal-content"
    />
  </View>
</Modal>
`;
